../Core/Src/Hw/hw.c:43:6:SynchOut	16	static
../Core/Src/Hw/hw.c:53:6:valve_control	16	static
../Core/Src/Hw/hw.c:83:6:Valve_1A_On	8	static
../Core/Src/Hw/hw.c:88:6:Valve_1A_Off	8	static
../Core/Src/Hw/hw.c:93:6:Valve_1B_On	8	static
../Core/Src/Hw/hw.c:98:6:Valve_1B_Off	8	static
../Core/Src/Hw/hw.c:103:6:Valve_2A_On	8	static
../Core/Src/Hw/hw.c:108:6:Valve_2A_Off	8	static
../Core/Src/Hw/hw.c:113:6:Valve_2B_On	8	static
../Core/Src/Hw/hw.c:118:6:Valve_2B_Off	8	static
../Core/Src/Hw/hw.c:123:6:Valve_3A_On	8	static
../Core/Src/Hw/hw.c:128:6:Valve_3A_Off	8	static
../Core/Src/Hw/hw.c:133:6:Valve_3B_On	8	static
../Core/Src/Hw/hw.c:138:6:Valve_3B_Off	8	static
../Core/Src/Hw/hw.c:143:6:Valve_4A_On	8	static
../Core/Src/Hw/hw.c:148:6:Valve_4A_Off	8	static
../Core/Src/Hw/hw.c:153:6:Valve_4B_On	8	static
../Core/Src/Hw/hw.c:158:6:Valve_4B_Off	8	static
../Core/Src/Hw/hw.c:167:6:batleds_control	16	static
../Core/Src/Hw/hw.c:189:6:alarmleds_control	16	static
../Core/Src/Hw/hw.c:207:6:compressor_control	16	static
../Core/Src/Hw/hw.c:212:6:Compressor_Control_On	8	static
../Core/Src/Hw/hw.c:217:6:Compressor_Control_Off	8	static
../Core/Src/Hw/hw.c:222:6:MembranePS_control	16	static
../Core/Src/Hw/hw.c:228:6:displayPS_control	16	static
../Core/Src/Hw/hw.c:234:6:powerpcb_control	16	static
../Core/Src/Hw/hw.c:240:6:PF_control	16	static
../Core/Src/Hw/hw.c:252:6:PFC_RLY_control	16	static
../Core/Src/Hw/hw.c:265:6:BlowerDAC	16	static
../Core/Src/Hw/hw.c:270:6:BlowerControl	24	static
../Core/Src/Hw/hw.c:289:6:BlowerOff	16	static
../Core/Src/Hw/hw.c:308:6:Set_Fan_ONOFF	16	static
../Core/Src/Hw/hw.c:322:6:FanOnOff	16	static
../Core/Src/Hw/hw.c:335:6:cprtsystem_init	8	static
../Core/Src/Hw/hw.c:356:6:cprtPowerOnSequence	48	static
../Core/Src/Hw/hw.c:413:6:cprtPowerOffSequence	40	static
../Core/Src/Hw/hw.c:444:6:ClearPfcPowerFailWarn	4	static
../Core/Src/Hw/hw.c:449:6:ClearPfcLoadEnable	4	static
../Core/Src/Hw/hw.c:454:6:GetPfcPowerFailWarn	4	static
../Core/Src/Hw/hw.c:459:6:GetPfcLoadEnable	4	static
../Core/Src/Hw/hw.c:464:6:SetPfcPowerFailWarn	16	static
../Core/Src/Hw/hw.c:469:6:SetPfcLoadEnable	16	static
