../Core/Src/Hw/hw.c:43:6:SynchOut	0	static
../Core/Src/Hw/hw.c:53:6:valve_control	0	static
../Core/Src/Hw/hw.c:83:6:Valve_1A_On	8	static
../Core/Src/Hw/hw.c:89:6:Valve_1A_Off	8	static
../Core/Src/Hw/hw.c:95:6:Valve_1B_On	8	static
../Core/Src/Hw/hw.c:101:6:Valve_1B_Off	8	static
../Core/Src/Hw/hw.c:107:6:Valve_2A_On	0	static
../Core/Src/Hw/hw.c:112:6:Valve_2A_Off	0	static
../Core/Src/Hw/hw.c:117:6:Valve_2B_On	0	static
../Core/Src/Hw/hw.c:122:6:Valve_2B_Off	0	static
../Core/Src/Hw/hw.c:127:6:Valve_3A_On	0	static
../Core/Src/Hw/hw.c:132:6:Valve_3A_Off	0	static
../Core/Src/Hw/hw.c:137:6:Valve_3B_On	0	static
../Core/Src/Hw/hw.c:142:6:Valve_3B_Off	0	static
../Core/Src/Hw/hw.c:147:6:Valve_4A_On	0	static
../Core/Src/Hw/hw.c:152:6:Valve_4A_Off	0	static
../Core/Src/Hw/hw.c:157:6:Valve_4B_On	0	static
../Core/Src/Hw/hw.c:162:6:Valve_4B_Off	0	static
../Core/Src/Hw/hw.c:171:6:batleds_control	0	static
../Core/Src/Hw/hw.c:193:6:alarmleds_control	0	static
../Core/Src/Hw/hw.c:211:6:compressor_control	0	static
../Core/Src/Hw/hw.c:216:6:Compressor_Control_On	0	static
../Core/Src/Hw/hw.c:221:6:Compressor_Control_Off	0	static
../Core/Src/Hw/hw.c:226:6:MembranePS_control	0	static
../Core/Src/Hw/hw.c:232:6:displayPS_control	0	static
../Core/Src/Hw/hw.c:238:6:powerpcb_control	0	static
../Core/Src/Hw/hw.c:244:6:PF_control	0	static
../Core/Src/Hw/hw.c:256:6:PFC_RLY_control	0	static
../Core/Src/Hw/hw.c:269:6:BlowerDAC	0	static
../Core/Src/Hw/hw.c:274:6:BlowerControl	40	static
../Core/Src/Hw/hw.c:293:6:BlowerOff	16	static
../Core/Src/Hw/hw.c:312:6:Set_Fan_ONOFF	0	static
../Core/Src/Hw/hw.c:326:6:FanOnOff	0	static
../Core/Src/Hw/hw.c:339:6:cprtsystem_init	8	static
../Core/Src/Hw/hw.c:360:6:cprtPowerOnSequence	40	static
../Core/Src/Hw/hw.c:417:6:cprtPowerOffSequence	40	static
../Core/Src/Hw/hw.c:448:6:ClearPfcPowerFailWarn	0	static
../Core/Src/Hw/hw.c:453:6:ClearPfcLoadEnable	0	static
../Core/Src/Hw/hw.c:458:6:GetPfcPowerFailWarn	0	static
../Core/Src/Hw/hw.c:463:6:GetPfcLoadEnable	0	static
../Core/Src/Hw/hw.c:468:6:SetPfcPowerFailWarn	0	static
../Core/Src/Hw/hw.c:473:6:SetPfcLoadEnable	0	static
