../Core/Src/Lcd/lcd.c:48:6:GetClearScreenWait	0	static
../Core/Src/Lcd/lcd.c:53:6:SetClearScreenWait	0	static
../Core/Src/Lcd/lcd.c:67:6:IsTxLcdQueueEmpty	0	static
../Core/Src/Lcd/lcd.c:102:6:IsTxLcdQueueFull	0	static
../Core/Src/Lcd/lcd.c:132:6:ReadTxLcdQueueAndTransmit	40	static
../Core/Src/Lcd/lcd.c:204:6:WriteTxLcdQueue	24	static
../Core/Src/Lcd/lcd.c:269:6:LCD_MoveCursor	16	static
../Core/Src/Lcd/lcd.c:291:9:LCD_Write	24	static
../Core/Src/Lcd/lcd.c:306:6:LCD_Init	56	static
../Core/Src/Lcd/lcd.c:328:6:LCD_Power_Onoff	0	static
../Core/Src/Lcd/lcd.c:340:6:LCD_Power_Reset	8	static
