../Core/Src/main.c:178:6:IsPfcLoadEnLow	8	static
../Core/Src/main.c:184:6:IsPfcPowerFailWarnLow	8	static
../Core/Src/main.c:190:6:Refresh_Hardware_WDT	0	static
../Core/Src/main.c:195:6:delayWd100ms	16	static
../Core/Src/main.c:216:6:CommandProcessing	8	static
../Core/Src/main.c:241:6:GuiCommandProcessing	48	static
../Core/Src/main.c:412:6:Set_DAC_Voltage	16	static
../Core/Src/main.c:427:7:Get_DAC_Voltage	8	static
../Core/Src/main.c:467:6:Get_Time	48	static
../Core/Src/main.c:485:5:Monitor	8	static
../Core/Src/main.c:1914:6:HAL_TIM_PeriodElapsedCallback	8	static
../Core/Src/main.c:1976:6:HAL_GPIO_EXTI_Callback	8	static,ignoring_inline_asm
../Core/Src/main.c:2007:6:HAL_I2C_MemRxCpltCallback	0	static
../Core/Src/main.c:2017:6:HAL_I2C_MemTxCpltCallback	0	static
../Core/Src/main.c:2027:6:HAL_I2C_MasterRxCpltCallback	0	static
../Core/Src/main.c:2046:6:HAL_I2C_MasterTxCpltCallback	0	static
../Core/Src/main.c:2059:6:HAL_UART_TxCpltCallback	0	static
../Core/Src/main.c:2069:6:HAL_ADC_ConvCpltCallback	0	static
../Core/Src/main.c:2081:10:GetMinuteCount	0	static
../Core/Src/main.c:2085:6:SetMinuteCount	0	static
../Core/Src/main.c:2090:14:GetSwVersionString	0	static
../Core/Src/main.c:2102:6:Error_Handler	136	static
../Core/Src/main.c:432:6:Set_Time	32	static
../Core/Src/main.c:450:6:Set_Date	16	static
../Core/Src/main.c:808:6:SystemClock_Config	216	static
../Core/Src/main.c:498:5:main	176	static
