../Core/Src/stm32f7xx_hal_msp.c:75:6:HAL_MspInit	8	static
../Core/Src/stm32f7xx_hal_msp.c:97:6:HAL_ADC_MspInit	72	static
../Core/Src/stm32f7xx_hal_msp.c:226:6:HAL_ADC_MspDeInit	8	static
../Core/Src/stm32f7xx_hal_msp.c:296:6:HAL_DAC_MspInit	40	static
../Core/Src/stm32f7xx_hal_msp.c:329:6:HAL_DAC_MspDeInit	0	static
../Core/Src/stm32f7xx_hal_msp.c:357:6:HAL_I2C_MspInit	64	static
../Core/Src/stm32f7xx_hal_msp.c:431:6:HAL_I2C_MspDeInit	8	static
../Core/Src/stm32f7xx_hal_msp.c:486:6:HAL_RTC_MspInit	0	static
../Core/Src/stm32f7xx_hal_msp.c:508:6:HAL_RTC_MspDeInit	0	static
../Core/Src/stm32f7xx_hal_msp.c:530:6:HAL_SD_MspInit	56	static
../Core/Src/stm32f7xx_hal_msp.c:631:6:HAL_SD_MspDeInit	8	static
../Core/Src/stm32f7xx_hal_msp.c:672:6:HAL_SPI_MspInit	56	static
../Core/Src/stm32f7xx_hal_msp.c:742:6:HAL_SPI_MspDeInit	8	static
../Core/Src/stm32f7xx_hal_msp.c:793:6:HAL_TIM_Base_MspInit	40	static
../Core/Src/stm32f7xx_hal_msp.c:879:6:HAL_TIM_MspPostInit	40	static
../Core/Src/stm32f7xx_hal_msp.c:931:6:HAL_TIM_Base_MspDeInit	0	static
../Core/Src/stm32f7xx_hal_msp.c:1006:6:HAL_UART_MspInit	64	static
../Core/Src/stm32f7xx_hal_msp.c:1104:6:HAL_UART_MspDeInit	8	static
