../Core/Src/Eeprom/eeprom.c:64:6:GetDisplayLogDataFlag	0	static
../Core/Src/Eeprom/eeprom.c:69:6:SetDisplayLogDataFlag	0	static
../Core/Src/Eeprom/eeprom.c:74:6:GetDisplayEepromTestFlag	0	static
../Core/Src/Eeprom/eeprom.c:79:6:SetDisplayEepromTestFlag	0	static
../Core/Src/Eeprom/eeprom.c:84:6:GetEepromWriteWait	0	static
../Core/Src/Eeprom/eeprom.c:89:6:SetEepromWriteWait	0	static
../Core/Src/Eeprom/eeprom.c:94:6:GetCalConstants	0	static
../Core/Src/Eeprom/eeprom.c:102:10:GetEventCount	0	static
../Core/Src/Eeprom/eeprom.c:107:10:GetLogWritePointer	0	static
../Core/Src/Eeprom/eeprom.c:112:10:GetNivWord	0	static
../Core/Src/Eeprom/eeprom.c:117:10:GetHumanUseWord	0	static
../Core/Src/Eeprom/eeprom.c:133:6:ReadEeprom	16	static
../Core/Src/Eeprom/eeprom.c:146:6:GetLogWritePointerFromEeprom	0	static
../Core/Src/Eeprom/eeprom.c:153:6:GetMinuteCounterFromEeprom	0	static
../Core/Src/Eeprom/eeprom.c:160:6:GetEventCounterFromEeprom	0	static
../Core/Src/Eeprom/eeprom.c:167:6:GetNivWordFromEeprom	0	static
../Core/Src/Eeprom/eeprom.c:174:6:GetHumanUseWordFromEeprom	0	static
../Core/Src/Eeprom/eeprom.c:181:10:GetProgramCrcFromEeprom	24	static
../Core/Src/Eeprom/eeprom.c:219:9:GetWatchdogByteFromEprom	24	static
../Core/Src/Eeprom/eeprom.c:255:9:GetSupercapByteFromEprom	24	static
../Core/Src/Eeprom/eeprom.c:300:6:InitEepromTxQueue	8	static
../Core/Src/Eeprom/eeprom.c:319:6:IsTxEepromQueueEmpty	0	static
../Core/Src/Eeprom/eeprom.c:354:6:IsTxEepromQueueFull	0	static
../Core/Src/Eeprom/eeprom.c:396:9:WriteEeprom	48	static
../Core/Src/Eeprom/eeprom.c:535:6:ReadTxEepromQueueAndWriteEeprom	16	static
../Core/Src/Eeprom/eeprom.c:476:5:WriteTxEepromQueue	24	static
../Core/Src/Eeprom/eeprom.c:571:6:StorePinspOffsetInEeprom	16	static
../Core/Src/Eeprom/eeprom.c:576:6:StorePexpOffsetInEeprom	16	static
../Core/Src/Eeprom/eeprom.c:581:6:StorePinspGainInEeprom	16	static
../Core/Src/Eeprom/eeprom.c:586:6:StorePexpGainInEeprom	16	static
../Core/Src/Eeprom/eeprom.c:591:6:StoreLogWritePointerInEeprom	16	static
../Core/Src/Eeprom/eeprom.c:596:6:StoreMinuteCntrInEeprom	16	static
../Core/Src/Eeprom/eeprom.c:601:6:StoreEventCntrInEeprom	16	static
../Core/Src/Eeprom/eeprom.c:606:6:StoreWatchdogByteInEeprom	16	static
../Core/Src/Eeprom/eeprom.c:611:6:StoreSupercapByteInEeprom	16	static
../Core/Src/Eeprom/eeprom.c:616:6:StoreProgramCrcInEeprom	16	static
../Core/Src/Eeprom/eeprom.c:621:6:StoreNivWordInEeprom	16	static
../Core/Src/Eeprom/eeprom.c:626:6:StoreHumanUseWordInEeprom	16	static
../Core/Src/Eeprom/eeprom.c:631:6:StoreMfgDateInEeprom	0	static
../Core/Src/Eeprom/eeprom.c:636:6:StoreSerialNumberInEeprom	16	static
../Core/Src/Eeprom/eeprom.c:641:6:SetEventCount	0	static
../Core/Src/Eeprom/eeprom.c:649:6:InitializeLog	8	static
../Core/Src/Eeprom/eeprom.c:670:6:WriteLogEvent	8	static
../Core/Src/Eeprom/eeprom.c:700:6:TestEepromWrite	0	static
../Core/Src/Eeprom/eeprom.c:705:6:TestEepromRead	0	static
../Core/Src/Eeprom/eeprom.c:714:6:ReadCalConstants	0	static
../Core/Src/Eeprom/eeprom.c:721:6:GetMfgDateFromEeprom	0	static
../Core/Src/Eeprom/eeprom.c:728:6:GetSerialNumberFromEeprom	0	static
../Core/Src/Eeprom/eeprom.c:738:10:crc32c	12	static
../Core/Src/Eeprom/eeprom.c:755:10:CalcCalConstantsCrc	8	static
../Core/Src/Eeprom/eeprom.c:761:6:StoreCalConstantsCrcInEeprom	16	static
../Core/Src/Eeprom/eeprom.c:768:6:SetProgramCrcInEeprom	0	static
../Core/Src/Eeprom/eeprom.c:777:6:ReadFromUpperPartOfEeprom	16	static
../Core/Src/Eeprom/eeprom.c:803:6:ReadFromLowerPartOfEeprom	16	static
../Core/Src/Eeprom/eeprom.c:830:6:DisplayLogData	0	static
../Core/Src/Eeprom/eeprom.c:969:8:GetCalConstantsCrcGood	0	static
../Core/Src/Eeprom/eeprom.c:975:6:DisplayEepromTestRead	24	static
../Core/Src/Eeprom/eeprom.c:987:6:ProcessEepromReadComplete	48	static
../Core/Src/Eeprom/eeprom.c:1149:6:DumpEepromLog	8	static
