../Core/Src/Adc/Adc.c:35:6:Adc1Init	0	static
../Core/Src/Adc/Adc.c:41:6:StartAdc1Dma	8	static
../Core/Src/Adc/Adc.c:49:6:SetAdc1CompleteFlag	0	static
../Core/Src/Adc/Adc.c:54:6:GetAdc1CompleteFlag	0	static
../Core/Src/Adc/Adc.c:61:10:GetPressureSensor3RawAdc	0	static
../Core/Src/Adc/Adc.c:66:10:GetPressureSensor1RawAdc	0	static
../Core/Src/Adc/Adc.c:71:10:GetPressureSensor2RawAdc	0	static
../Core/Src/Adc/Adc.c:76:10:GetPressureSensor4RawAdc	0	static
../Core/Src/Adc/Adc.c:81:10:Get12VRawAdc	0	static
../Core/Src/Adc/Adc.c:86:10:Get5VRefRawAdc	0	static
../Core/Src/Adc/Adc.c:92:10:GetCabTempRawAdc	0	static
../Core/Src/Adc/Adc.c:100:7:GetPressureSensor3Value	0	static
../Core/Src/Adc/Adc.c:105:7:GetPressureSensor1Value	0	static
../Core/Src/Adc/Adc.c:110:7:GetPressureSensor2Value	0	static
../Core/Src/Adc/Adc.c:115:7:GetPressureSensor4Value	0	static
../Core/Src/Adc/Adc.c:125:7:GetCalcMmhgSensorPressure2	8	static
../Core/Src/Adc/Adc.c:130:7:GetCalcMmhgSensorPressure3	8	static
../Core/Src/Adc/Adc.c:135:7:GetCalcMmhgSensorPressure4	8	static
../Core/Src/Adc/Adc.c:140:7:GetCalcMmhgSensorPressure1	8	static
../Core/Src/Adc/Adc.c:148:7:Get12vValue	0	static
../Core/Src/Adc/Adc.c:153:7:Get5VRefValue	0	static
../Core/Src/Adc/Adc.c:158:7:GetCabTempValue	0	static
../Core/Src/Adc/Adc.c:166:6:Adc3Init	0	static
../Core/Src/Adc/Adc.c:172:6:StartAdc3Dma	8	static
../Core/Src/Adc/Adc.c:180:6:SetAdc3CompleteFlag	0	static
../Core/Src/Adc/Adc.c:185:6:GetAdc3CompleteFlag	0	static
../Core/Src/Adc/Adc.c:192:10:GetMainPcbaCurrentRawAdc	0	static
../Core/Src/Adc/Adc.c:197:10:GetPower24VoltageRawAdc	0	static
../Core/Src/Adc/Adc.c:202:10:Get3V3RawAdc	0	static
../Core/Src/Adc/Adc.c:207:10:Get5VoltRawAdc	0	static
../Core/Src/Adc/Adc.c:212:10:GetPfcCurrentMonRawAdc	0	static
../Core/Src/Adc/Adc.c:217:10:GetBuzzerRawAdc	0	static
../Core/Src/Adc/Adc.c:222:10:GetPfcVOutRawAdc	0	static
../Core/Src/Adc/Adc.c:227:10:GetPfcTempMonRawAdc	0	static
../Core/Src/Adc/Adc.c:234:7:GetMainPcbaCurrentValue	0	static
../Core/Src/Adc/Adc.c:239:7:GetPower24VoltageValue	0	static
../Core/Src/Adc/Adc.c:244:7:Get3V3Value	0	static
../Core/Src/Adc/Adc.c:249:7:Get5VoltValue	0	static
../Core/Src/Adc/Adc.c:254:7:GetPfcCurrentMonValue	0	static
../Core/Src/Adc/Adc.c:259:7:GetBuzzerValue	0	static
../Core/Src/Adc/Adc.c:264:7:GetPfcVOutValue	0	static
../Core/Src/Adc/Adc.c:269:7:GetPfcTempMonValue	0	static
../Core/Src/Adc/Adc.c:274:6:ReadAdc1Channels	16	static
../Core/Src/Adc/Adc.c:296:6:PrintAdc1Channels	88	static
../Core/Src/Adc/Adc.c:347:6:PrintAdc1ChannelsSpecifiedNumberOfTimes	112	static
../Core/Src/Adc/Adc.c:397:6:ReadAdc3Channels	16	static
../Core/Src/Adc/Adc.c:419:6:PrintAdc3Channels	104	static
../Core/Src/Adc/Adc.c:468:6:PrintAdc3ChannelsSpecifiedNumberOfTimes	120	static
