../Middlewares/ST/STM32_USB_Device_Library/Class/MSC/Src/usbd_msc_scsi.c:536:6:SCSI_SenseCode.constprop.isra	8	static
../Middlewares/ST/STM32_USB_Device_Library/Class/MSC/Src/usbd_msc_scsi.c:964:15:SCSI_ProcessRead	24	static
../Middlewares/ST/STM32_USB_Device_Library/Class/MSC/Src/usbd_msc_scsi.c:1001:15:SCSI_ProcessWrite	24	static
../Middlewares/ST/STM32_USB_Device_Library/Class/MSC/Src/usbd_msc_scsi.c:1046:15:SCSI_UpdateBotData.isra	8	static
../Middlewares/ST/STM32_USB_Device_Library/Class/MSC/Src/usbd_msc_scsi.c:944:15:SCSI_CheckAddressRange.isra	8	static
../Middlewares/ST/STM32_USB_Device_Library/Class/MSC/Src/usbd_msc_scsi.c:121:8:SCSI_ProcessCmd	32	static
../Middlewares/ST/STM32_USB_Device_Library/Class/MSC/Src/usbd_msc_scsi.c:536:6:SCSI_SenseCode	8	static
