../USB_DEVICE/App/usbd_storage_if.c:250:8:STORAGE_IsWriteProtected_FS	0	static
../USB_DEVICE/App/usbd_storage_if.c:315:8:STORAGE_GetMaxLun_FS	0	static
../USB_DEVICE/App/usbd_storage_if.c:179:8:STORAGE_Init_FS	8	static
../USB_DEVICE/App/usbd_storage_if.c:195:8:STORAGE_GetCapacity_FS	48	static
../USB_DEVICE/App/usbd_storage_if.c:262:8:STORAGE_Read_FS	16	static
../USB_DEVICE/App/usbd_storage_if.c:218:8:STORAGE_IsReady_FS	8	static
../USB_DEVICE/App/usbd_storage_if.c:289:8:STORAGE_Write_FS	16	static
