../Core/Src/main.c:164:6:IsPfcLoadEnLow	8	static
../Core/Src/main.c:170:6:IsPfcPowerFailWarnLow	8	static
../Core/Src/main.c:176:6:Refresh_Hardware_WDT	8	static
../Core/Src/main.c:181:6:delayWd100ms	24	static
../Core/Src/main.c:202:6:CommandProcessing	8	static
../Core/Src/main.c:227:6:GuiCommandProcessing	32	static
../Core/Src/main.c:398:6:Set_DAC_Voltage	16	static
../Core/Src/main.c:413:7:Get_DAC_Voltage	8	static
../Core/Src/main.c:418:6:Set_Time	40	static
../Core/Src/main.c:436:6:Set_Date	32	static
../Core/Src/main.c:453:6:Get_Time	48	static
../Core/Src/main.c:471:5:Monitor	8	static
../Core/Src/main.c:484:5:main	104	static
../Core/Src/main.c:772:6:SystemClock_Config	216	static
../Core/Src/main.c:848:13:MX_ADC1_Init	24	static
../Core/Src/main.c:946:13:MX_ADC3_Init	48	static
../Core/Src/main.c:1064:13:MX_DAC_Init	16	static
../Core/Src/main.c:1102:13:MX_I2C2_Init	8	static
../Core/Src/main.c:1149:13:MX_I2C3_Init	8	static
../Core/Src/main.c:1195:13:MX_RTC_Init	8	static
../Core/Src/main.c:1257:13:MX_SDMMC2_SD_Init	4	static
../Core/Src/main.c:1285:13:MX_SPI1_Init	8	static
../Core/Src/main.c:1325:13:MX_SPI3_Init	8	static
../Core/Src/main.c:1365:13:MX_TIM2_Init	64	static
../Core/Src/main.c:1424:13:MX_TIM5_Init	40	static
../Core/Src/main.c:1469:13:MX_TIM7_Init	24	static
../Core/Src/main.c:1507:13:MX_TIM14_Init	40	static
../Core/Src/main.c:1553:13:MX_UART5_Init	8	static
../Core/Src/main.c:1588:13:MX_UART7_Init	8	static
../Core/Src/main.c:1623:13:MX_UART8_Init	8	static
../Core/Src/main.c:1656:13:MX_DMA_Init	16	static
../Core/Src/main.c:1683:13:MX_GPIO_Init	64	static
../Core/Src/main.c:1836:6:HAL_TIM_PeriodElapsedCallback	16	static
../Core/Src/main.c:1898:6:HAL_GPIO_EXTI_Callback	16	static,ignoring_inline_asm
../Core/Src/main.c:1929:6:HAL_I2C_MemRxCpltCallback	16	static
../Core/Src/main.c:1939:6:HAL_I2C_MemTxCpltCallback	16	static
../Core/Src/main.c:1949:6:HAL_I2C_MasterRxCpltCallback	16	static
../Core/Src/main.c:1968:6:HAL_I2C_MasterTxCpltCallback	16	static
../Core/Src/main.c:1981:6:HAL_UART_TxCpltCallback	16	static
../Core/Src/main.c:1991:6:HAL_ADC_ConvCpltCallback	16	static
../Core/Src/main.c:2003:10:GetMinuteCount	4	static
../Core/Src/main.c:2007:6:SetMinuteCount	16	static
../Core/Src/main.c:2012:14:GetSwVersionString	16	static
../Core/Src/main.c:2024:6:Error_Handler	136	static
