../Core/Src/main.c:178:6:IsPfcLoadEnLow	8	static
../Core/Src/main.c:184:6:IsPfcPowerFailWarnLow	8	static
../Core/Src/main.c:190:6:Refresh_Hardware_WDT	8	static
../Core/Src/main.c:195:6:delayWd100ms	24	static
../Core/Src/main.c:216:6:CommandProcessing	8	static
../Core/Src/main.c:241:6:GuiCommandProcessing	32	static
../Core/Src/main.c:412:6:Set_DAC_Voltage	16	static
../Core/Src/main.c:427:7:Get_DAC_Voltage	8	static
../Core/Src/main.c:432:6:Set_Time	40	static
../Core/Src/main.c:450:6:Set_Date	32	static
../Core/Src/main.c:467:6:Get_Time	48	static
../Core/Src/main.c:485:5:Monitor	8	static
../Core/Src/main.c:498:5:main	104	static
../Core/Src/main.c:808:6:SystemClock_Config	216	static
../Core/Src/main.c:884:13:MX_ADC1_Init	24	static
../Core/Src/main.c:982:13:MX_ADC3_Init	48	static
../Core/Src/main.c:1100:13:MX_DAC_Init	16	static
../Core/Src/main.c:1138:13:MX_I2C2_Init	8	static
../Core/Src/main.c:1185:13:MX_I2C3_Init	8	static
../Core/Src/main.c:1231:13:MX_RTC_Init	8	static
../Core/Src/main.c:1293:13:MX_SDMMC2_SD_Init	4	static
../Core/Src/main.c:1321:13:MX_SPI1_Init	8	static
../Core/Src/main.c:1361:13:MX_SPI3_Init	8	static
../Core/Src/main.c:1401:13:MX_TIM2_Init	64	static
../Core/Src/main.c:1460:13:MX_TIM5_Init	40	static
../Core/Src/main.c:1505:13:MX_TIM6_Init	24	static
../Core/Src/main.c:1543:13:MX_TIM7_Init	24	static
../Core/Src/main.c:1581:13:MX_TIM14_Init	40	static
../Core/Src/main.c:1627:13:MX_UART5_Init	8	static
../Core/Src/main.c:1662:13:MX_UART7_Init	8	static
../Core/Src/main.c:1697:13:MX_UART8_Init	8	static
../Core/Src/main.c:1730:13:MX_DMA_Init	16	static
../Core/Src/main.c:1761:13:MX_GPIO_Init	64	static
../Core/Src/main.c:1914:6:HAL_TIM_PeriodElapsedCallback	16	static
../Core/Src/main.c:1976:6:HAL_GPIO_EXTI_Callback	16	static,ignoring_inline_asm
../Core/Src/main.c:2007:6:HAL_I2C_MemRxCpltCallback	16	static
../Core/Src/main.c:2017:6:HAL_I2C_MemTxCpltCallback	16	static
../Core/Src/main.c:2027:6:HAL_I2C_MasterRxCpltCallback	16	static
../Core/Src/main.c:2046:6:HAL_I2C_MasterTxCpltCallback	16	static
../Core/Src/main.c:2059:6:HAL_UART_TxCpltCallback	16	static
../Core/Src/main.c:2069:6:HAL_ADC_ConvCpltCallback	16	static
../Core/Src/main.c:2081:10:GetMinuteCount	4	static
../Core/Src/main.c:2085:6:SetMinuteCount	16	static
../Core/Src/main.c:2090:14:GetSwVersionString	16	static
../Core/Src/main.c:2102:6:Error_Handler	136	static
