../Core/Src/stm32f7xx_it.c:91:6:NMI_Handler	4	static
../Core/Src/stm32f7xx_it.c:106:6:HardFault_Handler	4	static
../Core/Src/stm32f7xx_it.c:121:6:MemManage_Handler	4	static
../Core/Src/stm32f7xx_it.c:136:6:BusFault_Handler	4	static
../Core/Src/stm32f7xx_it.c:151:6:UsageFault_Handler	4	static
../Core/Src/stm32f7xx_it.c:166:6:SVC_Handler	4	static
../Core/Src/stm32f7xx_it.c:179:6:DebugMon_Handler	4	static
../Core/Src/stm32f7xx_it.c:192:6:PendSV_Handler	4	static
../Core/Src/stm32f7xx_it.c:205:6:SysTick_Handler	8	static
../Core/Src/stm32f7xx_it.c:226:6:EXTI2_IRQHandler	8	static
../Core/Src/stm32f7xx_it.c:240:6:TIM2_IRQHandler	8	static
../Core/Src/stm32f7xx_it.c:254:6:I2C2_EV_IRQHandler	8	static
../Core/Src/stm32f7xx_it.c:268:6:EXTI15_10_IRQHandler	16	static
../Core/Src/stm32f7xx_it.c:302:6:UART5_IRQHandler	8	static
../Core/Src/stm32f7xx_it.c:316:6:TIM7_IRQHandler	8	static
../Core/Src/stm32f7xx_it.c:330:6:DMA2_Stream0_IRQHandler	8	static
../Core/Src/stm32f7xx_it.c:344:6:DMA2_Stream1_IRQHandler	8	static
../Core/Src/stm32f7xx_it.c:358:6:DMA2_Stream4_IRQHandler	8	static
../Core/Src/stm32f7xx_it.c:372:6:OTG_FS_IRQHandler	8	static
../Core/Src/stm32f7xx_it.c:386:6:DMA2_Stream5_IRQHandler	8	static
../Core/Src/stm32f7xx_it.c:400:6:I2C3_EV_IRQHandler	8	static
../Core/Src/stm32f7xx_it.c:414:6:UART8_IRQHandler	8	static
../Core/Src/stm32f7xx_it.c:428:6:SDMMC2_IRQHandler	8	static
../Core/Src/stm32f7xx_it.c:441:6:USER_UART_IRQHandler	16	static
../Core/Src/stm32f7xx_it.c:472:6:USER_UART_IDLECallback	24	static
../Core/Src/stm32f7xx_it.c:572:6:USER_UART8_IDLECallback	24	static
