../Core/Src/stm32f7xx_it.c:92:6:NMI_Handler	4	static
../Core/Src/stm32f7xx_it.c:107:6:HardFault_Handler	4	static
../Core/Src/stm32f7xx_it.c:122:6:MemManage_Handler	4	static
../Core/Src/stm32f7xx_it.c:137:6:BusFault_Handler	4	static
../Core/Src/stm32f7xx_it.c:152:6:UsageFault_Handler	4	static
../Core/Src/stm32f7xx_it.c:167:6:SVC_Handler	4	static
../Core/Src/stm32f7xx_it.c:180:6:DebugMon_Handler	4	static
../Core/Src/stm32f7xx_it.c:193:6:PendSV_Handler	4	static
../Core/Src/stm32f7xx_it.c:206:6:SysTick_Handler	8	static
../Core/Src/stm32f7xx_it.c:227:6:EXTI2_IRQHandler	8	static
../Core/Src/stm32f7xx_it.c:241:6:DMA1_Stream1_IRQHandler	8	static
../Core/Src/stm32f7xx_it.c:255:6:TIM2_IRQHandler	8	static
../Core/Src/stm32f7xx_it.c:269:6:I2C2_EV_IRQHandler	8	static
../Core/Src/stm32f7xx_it.c:283:6:EXTI15_10_IRQHandler	16	static
../Core/Src/stm32f7xx_it.c:317:6:UART5_IRQHandler	8	static
../Core/Src/stm32f7xx_it.c:331:6:TIM7_IRQHandler	8	static
../Core/Src/stm32f7xx_it.c:345:6:DMA2_Stream0_IRQHandler	8	static
../Core/Src/stm32f7xx_it.c:359:6:DMA2_Stream1_IRQHandler	8	static
../Core/Src/stm32f7xx_it.c:373:6:DMA2_Stream4_IRQHandler	8	static
../Core/Src/stm32f7xx_it.c:387:6:OTG_FS_IRQHandler	8	static
../Core/Src/stm32f7xx_it.c:401:6:DMA2_Stream5_IRQHandler	8	static
../Core/Src/stm32f7xx_it.c:415:6:I2C3_EV_IRQHandler	8	static
../Core/Src/stm32f7xx_it.c:429:6:UART8_IRQHandler	8	static
../Core/Src/stm32f7xx_it.c:443:6:SDMMC2_IRQHandler	8	static
../Core/Src/stm32f7xx_it.c:456:6:USER_UART_IRQHandler	16	static
../Core/Src/stm32f7xx_it.c:487:6:USER_UART_IDLECallback	24	static
../Core/Src/stm32f7xx_it.c:587:6:USER_UART8_IDLECallback	24	static
