eeprom.c:64:6:GetDisplayLogDataFlag	4	static
eeprom.c:69:6:SetDisplayLogDataFlag	16	static
eeprom.c:74:6:GetDisplayEepromTestFlag	4	static
eeprom.c:79:6:SetDisplayEepromTestFlag	16	static
eeprom.c:84:6:GetEepromWriteWait	4	static
eeprom.c:89:6:SetEepromWriteWait	16	static
eeprom.c:94:6:GetCalConstants	16	static
eeprom.c:102:10:GetEventCount	4	static
eeprom.c:107:10:GetLogWritePointer	4	static
eeprom.c:112:10:GetNivWord	4	static
eeprom.c:117:10:GetHumanUseWord	4	static
eeprom.c:133:6:ReadEeprom	24	static
eeprom.c:146:6:GetLogWritePointerFromEeprom	8	static
eeprom.c:153:6:GetMinuteCounterFromEeprom	8	static
eeprom.c:160:6:GetEventCounterFromEeprom	8	static
eeprom.c:167:6:GetNivWordFromEeprom	8	static
eeprom.c:174:6:GetHumanUseWordFromEeprom	8	static
eeprom.c:181:10:GetProgramCrcFromEeprom	16	static
eeprom.c:219:9:GetWatchdogByteFromEprom	16	static
eeprom.c:255:9:GetSupercapByteFromEprom	16	static
eeprom.c:300:6:InitEepromTxQueue	8	static
eeprom.c:319:6:IsTxEepromQueueEmpty	16	static
eeprom.c:354:6:IsTxEepromQueueFull	16	static
eeprom.c:396:9:WriteEeprom	40	static
eeprom.c:476:5:WriteTxEepromQueue	32	static
eeprom.c:535:6:ReadTxEepromQueueAndWriteEeprom	16	static
eeprom.c:571:6:StorePinspOffsetInEeprom	16	static
eeprom.c:576:6:StorePexpOffsetInEeprom	16	static
eeprom.c:581:6:StorePinspGainInEeprom	16	static
eeprom.c:586:6:StorePexpGainInEeprom	16	static
eeprom.c:591:6:StoreLogWritePointerInEeprom	16	static
eeprom.c:596:6:StoreMinuteCntrInEeprom	16	static
eeprom.c:601:6:StoreEventCntrInEeprom	16	static
eeprom.c:606:6:StoreWatchdogByteInEeprom	16	static
eeprom.c:611:6:StoreSupercapByteInEeprom	16	static
eeprom.c:616:6:StoreProgramCrcInEeprom	16	static
eeprom.c:621:6:StoreNivWordInEeprom	16	static
eeprom.c:626:6:StoreHumanUseWordInEeprom	16	static
eeprom.c:631:6:StoreMfgDateInEeprom	16	static
eeprom.c:636:6:StoreSerialNumberInEeprom	16	static
eeprom.c:641:6:SetEventCount	16	static
eeprom.c:649:6:InitializeLog	16	static
eeprom.c:670:6:WriteLogEvent	24	static
eeprom.c:700:6:TestEepromWrite	16	static
eeprom.c:705:6:TestEepromRead	16	static
eeprom.c:714:6:ReadCalConstants	8	static
eeprom.c:721:6:GetMfgDateFromEeprom	8	static
eeprom.c:728:6:GetSerialNumberFromEeprom	8	static
eeprom.c:738:10:crc32c	32	static
eeprom.c:755:10:CalcCalConstantsCrc	8	static
eeprom.c:761:6:StoreCalConstantsCrcInEeprom	16	static
eeprom.c:768:6:SetProgramCrcInEeprom	4	static
eeprom.c:777:6:ReadFromUpperPartOfEeprom	16	static
eeprom.c:803:6:ReadFromLowerPartOfEeprom	16	static
eeprom.c:830:6:DisplayLogData	4	static
eeprom.c:969:8:GetCalConstantsCrcGood	4	static
eeprom.c:975:6:DisplayEepromTestRead	16	static
eeprom.c:987:6:ProcessEepromReadComplete	48	static
eeprom.c:1149:6:DumpEepromLog	24	static
