Archive member included to satisfy reference by file (symbol)

/home/aidan/Applications/STMStuff/IDE_1.9/plugins/com.st.stm32cube.ide.mcu.externaltools.gnu-tools-for-stm32.10.3-2021.10.linux64_1.0.0.202111181127/tools/bin/../lib/gcc/arm-none-eabi/10.3.1/../../../../arm-none-eabi/lib/thumb/v7e-m+fp/hard/libc_nano.a(lib_a-atoi.o)
                              ./Core/Src/Utilities/uart_command.o (atoi)
/home/aidan/Applications/STMStuff/IDE_1.9/plugins/com.st.stm32cube.ide.mcu.externaltools.gnu-tools-for-stm32.10.3-2021.10.linux64_1.0.0.202111181127/tools/bin/../lib/gcc/arm-none-eabi/10.3.1/../../../../arm-none-eabi/lib/thumb/v7e-m+fp/hard/libc_nano.a(lib_a-errno.o)
                              ./Core/Src/syscalls.o (__errno)
/home/aidan/Applications/STMStuff/IDE_1.9/plugins/com.st.stm32cube.ide.mcu.externaltools.gnu-tools-for-stm32.10.3-2021.10.linux64_1.0.0.202111181127/tools/bin/../lib/gcc/arm-none-eabi/10.3.1/../../../../arm-none-eabi/lib/thumb/v7e-m+fp/hard/libc_nano.a(lib_a-exit.o)
                              /home/aidan/Applications/STMStuff/IDE_1.9/plugins/com.st.stm32cube.ide.mcu.externaltools.gnu-tools-for-stm32.10.3-2021.10.linux64_1.0.0.202111181127/tools/bin/../lib/gcc/arm-none-eabi/10.3.1/../../../../arm-none-eabi/lib/thumb/v7e-m+fp/hard/crt0.o (exit)
/home/aidan/Applications/STMStuff/IDE_1.9/plugins/com.st.stm32cube.ide.mcu.externaltools.gnu-tools-for-stm32.10.3-2021.10.linux64_1.0.0.202111181127/tools/bin/../lib/gcc/arm-none-eabi/10.3.1/../../../../arm-none-eabi/lib/thumb/v7e-m+fp/hard/libc_nano.a(lib_a-impure.o)
                              /home/aidan/Applications/STMStuff/IDE_1.9/plugins/com.st.stm32cube.ide.mcu.externaltools.gnu-tools-for-stm32.10.3-2021.10.linux64_1.0.0.202111181127/tools/bin/../lib/gcc/arm-none-eabi/10.3.1/../../../../arm-none-eabi/lib/thumb/v7e-m+fp/hard/libc_nano.a(lib_a-exit.o) (_global_impure_ptr)
/home/aidan/Applications/STMStuff/IDE_1.9/plugins/com.st.stm32cube.ide.mcu.externaltools.gnu-tools-for-stm32.10.3-2021.10.linux64_1.0.0.202111181127/tools/bin/../lib/gcc/arm-none-eabi/10.3.1/../../../../arm-none-eabi/lib/thumb/v7e-m+fp/hard/libc_nano.a(lib_a-init.o)
                              /home/aidan/Applications/STMStuff/IDE_1.9/plugins/com.st.stm32cube.ide.mcu.externaltools.gnu-tools-for-stm32.10.3-2021.10.linux64_1.0.0.202111181127/tools/bin/../lib/gcc/arm-none-eabi/10.3.1/../../../../arm-none-eabi/lib/thumb/v7e-m+fp/hard/crt0.o (__libc_init_array)
/home/aidan/Applications/STMStuff/IDE_1.9/plugins/com.st.stm32cube.ide.mcu.externaltools.gnu-tools-for-stm32.10.3-2021.10.linux64_1.0.0.202111181127/tools/bin/../lib/gcc/arm-none-eabi/10.3.1/../../../../arm-none-eabi/lib/thumb/v7e-m+fp/hard/libc_nano.a(lib_a-malloc.o)
                              ./Middlewares/ST/STM32_USB_Device_Library/Class/MSC/Src/usbd_msc.o (malloc)
/home/aidan/Applications/STMStuff/IDE_1.9/plugins/com.st.stm32cube.ide.mcu.externaltools.gnu-tools-for-stm32.10.3-2021.10.linux64_1.0.0.202111181127/tools/bin/../lib/gcc/arm-none-eabi/10.3.1/../../../../arm-none-eabi/lib/thumb/v7e-m+fp/hard/libc_nano.a(lib_a-memcpy-stub.o)
                              ./Core/Src/Lcd/lcd.o (memcpy)
/home/aidan/Applications/STMStuff/IDE_1.9/plugins/com.st.stm32cube.ide.mcu.externaltools.gnu-tools-for-stm32.10.3-2021.10.linux64_1.0.0.202111181127/tools/bin/../lib/gcc/arm-none-eabi/10.3.1/../../../../arm-none-eabi/lib/thumb/v7e-m+fp/hard/libc_nano.a(lib_a-memset.o)
                              /home/aidan/Applications/STMStuff/IDE_1.9/plugins/com.st.stm32cube.ide.mcu.externaltools.gnu-tools-for-stm32.10.3-2021.10.linux64_1.0.0.202111181127/tools/bin/../lib/gcc/arm-none-eabi/10.3.1/../../../../arm-none-eabi/lib/thumb/v7e-m+fp/hard/crt0.o (memset)
/home/aidan/Applications/STMStuff/IDE_1.9/plugins/com.st.stm32cube.ide.mcu.externaltools.gnu-tools-for-stm32.10.3-2021.10.linux64_1.0.0.202111181127/tools/bin/../lib/gcc/arm-none-eabi/10.3.1/../../../../arm-none-eabi/lib/thumb/v7e-m+fp/hard/libc_nano.a(lib_a-nano-freer.o)
                              /home/aidan/Applications/STMStuff/IDE_1.9/plugins/com.st.stm32cube.ide.mcu.externaltools.gnu-tools-for-stm32.10.3-2021.10.linux64_1.0.0.202111181127/tools/bin/../lib/gcc/arm-none-eabi/10.3.1/../../../../arm-none-eabi/lib/thumb/v7e-m+fp/hard/libc_nano.a(lib_a-malloc.o) (_free_r)
/home/aidan/Applications/STMStuff/IDE_1.9/plugins/com.st.stm32cube.ide.mcu.externaltools.gnu-tools-for-stm32.10.3-2021.10.linux64_1.0.0.202111181127/tools/bin/../lib/gcc/arm-none-eabi/10.3.1/../../../../arm-none-eabi/lib/thumb/v7e-m+fp/hard/libc_nano.a(lib_a-nano-mallocr.o)
                              /home/aidan/Applications/STMStuff/IDE_1.9/plugins/com.st.stm32cube.ide.mcu.externaltools.gnu-tools-for-stm32.10.3-2021.10.linux64_1.0.0.202111181127/tools/bin/../lib/gcc/arm-none-eabi/10.3.1/../../../../arm-none-eabi/lib/thumb/v7e-m+fp/hard/libc_nano.a(lib_a-malloc.o) (_malloc_r)
[...]
Memory Configuration

Name             Origin             Length             Attributes
RAM              0x0000000020000000 0x0000000000040000 xrw
FLASH            0x0000000008000000 0x0000000000080000 xr
*default*        0x0000000000000000 0xffffffffffffffff

Linker script and memory map

LOAD /home/aidan/Applications/STMStuff/IDE_1.9/plugins/com.st.stm32cube.ide.mcu.externaltools.gnu-tools-for-stm32.10.3-2021.10.linux64_1.0.0.202111181127/tools/bin/../lib/gcc/arm-none-eabi/10.3.1/thumb/v7e-m+fp/hard/crti.o
LOAD /home/aidan/Applications/STMStuff/IDE_1.9/plugins/com.st.stm32cube.ide.mcu.externaltools.gnu-tools-for-stm32.10.3-2021.10.linux64_1.0.0.202111181127/tools/bin/../lib/gcc/arm-none-eabi/10.3.1/thumb/v7e-m+fp/hard/crtbegin.o
LOAD /home/aidan/Applications/STMStuff/IDE_1.9/plugins/com.st.stm32cube.ide.mcu.externaltools.gnu-tools-for-stm32.10.3-2021.10.linux64_1.0.0.202111181127/tools/bin/../lib/gcc/arm-none-eabi/10.3.1/../../../../arm-none-eabi/lib/thumb/v7e-m+fp/hard/crt0.o
LOAD ./Core/Src/Adc/Adc.o
LOAD ./Core/Src/Buzzer/Buzzer.o
LOAD ./Core/Src/Display/Display.o
LOAD ./Core/Src/Eeprom/eeprom.o
LOAD ./Core/Src/Hw/hw.o
LOAD ./Core/Src/Lcd/lcd.o
LOAD ./Core/Src/Led/led.o
LOAD ./Core/Src/Model/Model.o
LOAD ./Core/Src/Switches/Switches.o
LOAD ./Core/Src/Utilities/interp.o
LOAD ./Core/Src/Utilities/uart_command.o
LOAD ./Core/Src/Utilities/utilities.o
LOAD ./Core/Src/main.o
LOAD ./Core/Src/stm32f7xx_hal_msp.o
LOAD ./Core/Src/stm32f7xx_it.o
LOAD ./Core/Src/syscalls.o
LOAD ./Core/Src/sysmem.o
LOAD ./Core/Src/system_stm32f7xx.o
LOAD ./Core/Startup/startup_stm32f722zetx.o
LOAD ./Drivers/STM32F7xx_HAL_Driver/Src/stm32f7xx_hal.o
LOAD ./Drivers/STM32F7xx_HAL_Driver/Src/stm32f7xx_hal_adc.o
LOAD ./Drivers/STM32F7xx_HAL_Driver/Src/stm32f7xx_hal_adc_ex.o
LOAD ./Drivers/STM32F7xx_HAL_Driver/Src/stm32f7xx_hal_cortex.o
LOAD ./Drivers/STM32F7xx_HAL_Driver/Src/stm32f7xx_hal_dac.o
LOAD ./Drivers/STM32F7xx_HAL_Driver/Src/stm32f7xx_hal_dac_ex.o
LOAD ./Drivers/STM32F7xx_HAL_Driver/Src/stm32f7xx_hal_dma.o
LOAD ./Drivers/STM32F7xx_HAL_Driver/Src/stm32f7xx_hal_dma_ex.o
LOAD ./Drivers/STM32F7xx_HAL_Driver/Src/stm32f7xx_hal_exti.o
LOAD ./Drivers/STM32F7xx_HAL_Driver/Src/stm32f7xx_hal_flash.o
LOAD ./Drivers/STM32F7xx_HAL_Driver/Src/stm32f7xx_hal_flash_ex.o
LOAD ./Drivers/STM32F7xx_HAL_Driver/Src/stm32f7xx_hal_gpio.o
LOAD ./Drivers/STM32F7xx_HAL_Driver/Src/stm32f7xx_hal_i2c.o
LOAD ./Drivers/STM32F7xx_HAL_Driver/Src/stm32f7xx_hal_i2c_ex.o
LOAD ./Drivers/STM32F7xx_HAL_Driver/Src/stm32f7xx_hal_pcd.o
LOAD ./Drivers/STM32F7xx_HAL_Driver/Src/stm32f7xx_hal_pcd_ex.o
LOAD ./Drivers/STM32F7xx_HAL_Driver/Src/stm32f7xx_hal_pwr.o
LOAD ./Drivers/STM32F7xx_HAL_Driver/Src/stm32f7xx_hal_pwr_ex.o
LOAD ./Drivers/STM32F7xx_HAL_Driver/Src/stm32f7xx_hal_rcc.o
LOAD ./Drivers/STM32F7xx_HAL_Driver/Src/stm32f7xx_hal_rcc_ex.o
LOAD ./Drivers/STM32F7xx_HAL_Driver/Src/stm32f7xx_hal_rtc.o
LOAD ./Drivers/STM32F7xx_HAL_Driver/Src/stm32f7xx_hal_rtc_ex.o
LOAD ./Drivers/STM32F7xx_HAL_Driver/Src/stm32f7xx_hal_sd.o
LOAD ./Drivers/STM32F7xx_HAL_Driver/Src/stm32f7xx_hal_spi.o
LOAD ./Drivers/STM32F7xx_HAL_Driver/Src/stm32f7xx_hal_spi_ex.o
LOAD ./Drivers/STM32F7xx_HAL_Driver/Src/stm32f7xx_hal_tim.o
LOAD ./Drivers/STM32F7xx_HAL_Driver/Src/stm32f7xx_hal_tim_ex.o
LOAD ./Drivers/STM32F7xx_HAL_Driver/Src/stm32f7xx_hal_uart.o
LOAD ./Drivers/STM32F7xx_HAL_Driver/Src/stm32f7xx_hal_uart_ex.o
LOAD ./Drivers/STM32F7xx_HAL_Driver/Src/stm32f7xx_ll_sdmmc.o
LOAD ./Drivers/STM32F7xx_HAL_Driver/Src/stm32f7xx_ll_usb.o
LOAD ./FATFS/App/fatfs.o
LOAD ./FATFS/Target/bsp_driver_sd.o
LOAD ./FATFS/Target/fatfs_platform.o
LOAD ./FATFS/Target/sd_diskio.o
LOAD ./Middlewares/ST/STM32_USB_Device_Library/Class/MSC/Src/usbd_msc.o
LOAD ./Middlewares/ST/STM32_USB_Device_Library/Class/MSC/Src/usbd_msc_bot.o
LOAD ./Middlewares/ST/STM32_USB_Device_Library/Class/MSC/Src/usbd_msc_data.o
LOAD ./Middlewares/ST/STM32_USB_Device_Library/Class/MSC/Src/usbd_msc_scsi.o
LOAD ./Middlewares/ST/STM32_USB_Device_Library/Core/Src/usbd_core.o
LOAD ./Middlewares/ST/STM32_USB_Device_Library/Core/Src/usbd_ctlreq.o
LOAD ./Middlewares/ST/STM32_USB_Device_Library/Core/Src/usbd_ioreq.o
LOAD ./Middlewares/Third_Party/FatFs/src/diskio.o
LOAD ./Middlewares/Third_Party/FatFs/src/ff.o
LOAD ./Middlewares/Third_Party/FatFs/src/ff_gen_drv.o
LOAD ./Middlewares/Third_Party/FatFs/src/option/ccsbcs.o
LOAD ./Middlewares/Third_Party/FatFs/src/option/syscall.o
LOAD ./USB_DEVICE/App/usb_device.o
LOAD ./USB_DEVICE/App/usbd_desc.o
LOAD ./USB_DEVICE/App/usbd_storage_if.o
LOAD ./USB_DEVICE/Target/usbd_conf.o
START GROUP
LOAD /home/aidan/Applications/STMStuff/IDE_1.9/plugins/com.st.stm32cube.ide.mcu.externaltools.gnu-tools-for-stm32.10.3-2021.10.linux64_1.0.0.202111181127/tools/bin/../lib/gcc/arm-none-eabi/10.3.1/../../../../arm-none-eabi/lib/thumb/v7e-m+fp/hard/libc_nano.a
LOAD /home/aidan/Applications/STMStuff/IDE_1.9/plugins/com.st.stm32cube.ide.mcu.externaltools.gnu-tools-for-stm32.10.3-2021.10.linux64_1.0.0.202111181127/tools/bin/../lib/gcc/arm-none-eabi/10.3.1/../../../../arm-none-eabi/lib/thumb/v7e-m+fp/hard/libm.a
END GROUP
START GROUP
LOAD /home/aidan/Applications/STMStuff/IDE_1.9/plugins/com.st.stm32cube.ide.mcu.externaltools.gnu-tools-for-stm32.10.3-2021.10.linux64_1.0.0.202111181127/tools/bin/../lib/gcc/arm-none-eabi/10.3.1/thumb/v7e-m+fp/hard/libgcc.a
LOAD /home/aidan/Applications/STMStuff/IDE_1.9/plugins/com.st.stm32cube.ide.mcu.externaltools.gnu-tools-for-stm32.10.3-2021.10.linux64_1.0.0.202111181127/tools/bin/../lib/gcc/arm-none-eabi/10.3.1/../../../../arm-none-eabi/lib/thumb/v7e-m+fp/hard/libc_nano.a
END GROUP
START GROUP
LOAD /home/aidan/Applications/STMStuff/IDE_1.9/plugins/com.st.stm32cube.ide.mcu.externaltools.gnu-tools-for-stm32.10.3-2021.10.linux64_1.0.0.202111181127/tools/bin/../lib/gcc/arm-none-eabi/10.3.1/thumb/v7e-m+fp/hard/libgcc.a
LOAD /home/aidan/Applications/STMStuff/IDE_1.9/plugins/com.st.stm32cube.ide.mcu.externaltools.gnu-tools-for-stm32.10.3-2021.10.linux64_1.0.0.202111181127/tools/bin/../lib/gcc/arm-none-eabi/10.3.1/../../../../arm-none-eabi/lib/thumb/v7e-m+fp/hard/libc_nano.a
LOAD /home/aidan/Applications/STMStuff/IDE_1.9/plugins/com.st.stm32cube.ide.mcu.externaltools.gnu-tools-for-stm32.10.3-2021.10.linux64_1.0.0.202111181127/tools/bin/../lib/gcc/arm-none-eabi/10.3.1/../../../../arm-none-eabi/lib/thumb/v7e-m+fp/hard/libnosys.a
END GROUP
START GROUP
LOAD /home/aidan/Applications/STMStuff/IDE_1.9/plugins/com.st.stm32cube.ide.mcu.externaltools.gnu-tools-for-stm32.10.3-2021.10.linux64_1.0.0.202111181127/tools/bin/../lib/gcc/arm-none-eabi/10.3.1/thumb/v7e-m+fp/hard/libgcc.a
LOAD /home/aidan/Applications/STMStuff/IDE_1.9/plugins/com.st.stm32cube.ide.mcu.externaltools.gnu-tools-for-stm32.10.3-2021.10.linux64_1.0.0.202111181127/tools/bin/../lib/gcc/arm-none-eabi/10.3.1/../../../../arm-none-eabi/lib/thumb/v7e-m+fp/hard/libc_nano.a
LOAD /home/aidan/Applications/STMStuff/IDE_1.9/plugins/com.st.stm32cube.ide.mcu.externaltools.gnu-tools-for-stm32.10.3-2021.10.linux64_1.0.0.202111181127/tools/bin/../lib/gcc/arm-none-eabi/10.3.1/../../../../arm-none-eabi/lib/thumb/v7e-m+fp/hard/libnosys.a
END GROUP
LOAD /home/aidan/Applications/STMStuff/IDE_1.9/plugins/com.st.stm32cube.ide.mcu.externaltools.gnu-tools-for-stm32.10.3-2021.10.linux64_1.0.0.202111181127/tools/bin/../lib/gcc/arm-none-eabi/10.3.1/thumb/v7e-m+fp/hard/crtend.o
LOAD /home/aidan/Applications/STMStuff/IDE_1.9/plugins/com.st.stm32cube.ide.mcu.externaltools.gnu-tools-for-stm32.10.3-2021.10.linux64_1.0.0.202111181127/tools/bin/../lib/gcc/arm-none-eabi/10.3.1/thumb/v7e-m+fp/hard/crtn.o
                0x0000000020040000                _estack = (ORIGIN (RAM) + LENGTH (RAM))
                0x0000000000001000                _Min_Heap_Size = 0x1000
                0x0000000000001000                _Min_Stack_Size = 0x1000

.isr_vector     0x0000000008000000      0x1e0
                0x0000000008000000                . = ALIGN (0x4)
 *(.isr_vector)
 .isr_vector    0x0000000008000000      0x1e0 ./Core/Startup/startup_stm32f722zetx.o
                0x0000000008000000                g_pfnVectors
                0x00000000080001e0                . = ALIGN (0x4)

.text           0x00000000080001e0    0x13114
                0x00000000080001e0                . = ALIGN (0x4)
 *(.text)
 .text          0x00000000080001e0       0x40 /home/aidan/Applications/STMStuff/IDE_1.9/plugins/com.st.stm32cube.ide.mcu.externaltools.gnu-tools-for-stm32.10.3-2021.10.linux64_1.0.0.202111181127/tools/bin/../lib/gcc/arm-none-eabi/10.3.1/thumb/v7e-m+fp/hard/crtbegin.o
 .text          0x0000000008000220       0x14 /home/aidan/Applications/STMStuff/IDE_1.9/plugins/com.st.stm32cube.ide.mcu.externaltools.gnu-tools-for-stm32.10.3-2021.10.linux64_1.0.0.202111181127/tools/bin/../lib/gcc/arm-none-eabi/10.3.1/../../../../arm-none-eabi/lib/thumb/v7e-m+fp/hard/libc_nano.a(lib_a-strcmp.o)
                0x0000000008000220                strcmp
 .text          0x0000000008000234       0x10 /home/aidan/Applications/STMStuff/IDE_1.9/plugins/com.st.stm32cube.ide.mcu.externaltools.gnu-tools-for-stm32.10.3-2021.10.linux64_1.0.0.202111181127/tools/bin/../lib/gcc/arm-none-eabi/10.3.1/../../../../arm-none-eabi/lib/thumb/v7e-m+fp/hard/libc_nano.a(lib_a-strlen.o)
                0x0000000008000234                strlen
 *fill*         0x0000000008000244        0xc 
 .text          0x0000000008000250       0xa0 /home/aidan/Applications/STMStuff/IDE_1.9/plugins/com.st.stm32cube.ide.mcu.externaltools.gnu-tools-for-stm32.10.3-2021.10.linux64_1.0.0.202111181127/tools/bin/../lib/gcc/arm-none-eabi/10.3.1/../../../../arm-none-eabi/lib/thumb/v7e-m+fp/hard/libc_nano.a(lib_a-memchr.o)
                0x0000000008000250                memchr
 .text          0x00000000080002f0      0x378 /home/aidan/Applications/STMStuff/IDE_1.9/plugins/com.st.stm32cube.ide.mcu.externaltools.gnu-tools-for-stm32.10.3-2021.10.linux64_1.0.0.202111181127/tools/bin/../lib/gcc/arm-none-eabi/10.3.1/thumb/v7e-m+fp/hard/libgcc.a(_arm_addsubdf3.o)
                0x00000000080002f0                __aeabi_drsub
                0x00000000080002f8                __aeabi_dsub
                0x00000000080002f8                __subdf3
                0x00000000080002fc                __adddf3
                0x00000000080002fc                __aeabi_dadd
                0x0000000008000574                __aeabi_ui2d
                0x0000000008000574                __floatunsidf
                0x0000000008000594                __floatsidf
                0x0000000008000594                __aeabi_i2d
                0x00000000080005b8                __extendsfdf2
                0x00000000080005b8                __aeabi_f2d
                0x00000000080005fc                __aeabi_ul2d
                0x00000000080005fc                __floatundidf
                0x000000000800060c                __floatdidf
                0x000000000800060c                __aeabi_l2d
 .text          0x0000000008000668      0x424 /home/aidan/Applications/STMStuff/IDE_1.9/plugins/com.st.stm32cube.ide.mcu.externaltools.gnu-tools-for-stm32.10.3-2021.10.linux64_1.0.0.202111181127/tools/bin/../lib/gcc/arm-none-eabi/10.3.1/thumb/v7e-m+fp/hard/libgcc.a(_arm_muldivdf3.o)
                0x0000000008000668                __aeabi_dmul
                0x0000000008000668                __muldf3
                0x00000000080008bc                __aeabi_ddiv
                0x00000000080008bc                __divdf3
 .text          0x0000000008000a8c      0x110 /home/aidan/Applications/STMStuff/IDE_1.9/plugins/com.st.stm32cube.ide.mcu.externaltools.gnu-tools-for-stm32.10.3-2021.10.linux64_1.0.0.202111181127/tools/bin/../lib/gcc/arm-none-eabi/10.3.1/thumb/v7e-m+fp/hard/libgcc.a(_arm_cmpdf2.o)
                0x0000000008000a8c                __gtdf2
                0x0000000008000a8c                __gedf2
                0x0000000008000a94                __ltdf2
                0x0000000008000a94                __ledf2
                0x0000000008000a9c                __cmpdf2
                0x0000000008000a9c                __eqdf2
                0x0000000008000a9c                __nedf2
                0x0000000008000b18                __aeabi_cdrcmple
                0x0000000008000b28                __aeabi_cdcmple
                0x0000000008000b28                __aeabi_cdcmpeq
                0x0000000008000b38                __aeabi_dcmpeq
                0x0000000008000b4c                __aeabi_dcmplt
                0x0000000008000b60                __aeabi_dcmple
                0x0000000008000b74                __aeabi_dcmpge
                0x0000000008000b88                __aeabi_dcmpgt
 .text          0x0000000008000b9c       0x2c /home/aidan/Applications/STMStuff/IDE_1.9/plugins/com.st.stm32cube.ide.mcu.externaltools.gnu-tools-for-stm32.10.3-2021.10.linux64_1.0.0.202111181127/tools/bin/../lib/gcc/arm-none-eabi/10.3.1/thumb/v7e-m+fp/hard/libgcc.a(_arm_unorddf2.o)
                0x0000000008000b9c                __aeabi_dcmpun
                0x0000000008000b9c                __unorddf2
 .text          0x0000000008000bc8       0x40 /home/aidan/Applications/STMStuff/IDE_1.9/plugins/com.st.stm32cube.ide.mcu.externaltools.gnu-tools-for-stm32.10.3-2021.10.linux64_1.0.0.202111181127/tools/bin/../lib/gcc/arm-none-eabi/10.3.1/thumb/v7e-m+fp/hard/libgcc.a(_arm_fixunsdfsi.o)
                0x0000000008000bc8                __fixunsdfsi
                0x0000000008000bc8                __aeabi_d2uiz
 .text          0x0000000008000c08       0xa0 /home/aidan/Applications/STMStuff/IDE_1.9/plugins/com.st.stm32cube.ide.mcu.externaltools.gnu-tools-for-stm32.10.3-2021.10.linux64_1.0.0.202111181127/tools/bin/../lib/gcc/arm-none-eabi/10.3.1/thumb/v7e-m+fp/hard/libgcc.a(_arm_truncdfsf2.o)
                0x0000000008000c08                __aeabi_d2f
                0x0000000008000c08                __truncdfsf2
 .text          0x0000000008000ca8       0x30 /home/aidan/Applications/STMStuff/IDE_1.9/plugins/com.st.stm32cube.ide.mcu.externaltools.gnu-tools-for-stm32.10.3-2021.10.linux64_1.0.0.202111181127/tools/bin/../lib/gcc/arm-none-eabi/10.3.1/thumb/v7e-m+fp/hard/libgcc.a(_aeabi_uldivmod.o)
                0x0000000008000ca8                __aeabi_uldivmod
 .text          0x0000000008000cd8       0x30 /home/aidan/Applications/STMStuff/IDE_1.9/plugins/com.st.stm32cube.ide.mcu.externaltools.gnu-tools-for-stm32.10.3-2021.10.linux64_1.0.0.202111181127/tools/bin/../lib/gcc/arm-none-eabi/10.3.1/thumb/v7e-m+fp/hard/libgcc.a(_fixdfdi.o)
                0x0000000008000cd8                __aeabi_d2lz
                0x0000000008000cd8                __fixdfdi
 .text          0x0000000008000d08       0x3c /home/aidan/Applications/STMStuff/IDE_1.9/plugins/com.st.stm32cube.ide.mcu.externaltools.gnu-tools-for-stm32.10.3-2021.10.linux64_1.0.0.202111181127/tools/bin/../lib/gcc/arm-none-eabi/10.3.1/thumb/v7e-m+fp/hard/libgcc.a(_fixunsdfdi.o)
                0x0000000008000d08                __aeabi_d2ulz
                0x0000000008000d08                __fixunsdfdi
 .text          0x0000000008000d44      0x2d0 /home/aidan/Applications/STMStuff/IDE_1.9/plugins/com.st.stm32cube.ide.mcu.externaltools.gnu-tools-for-stm32.10.3-2021.10.linux64_1.0.0.202111181127/tools/bin/../lib/gcc/arm-none-eabi/10.3.1/thumb/v7e-m+fp/hard/libgcc.a(_udivmoddi4.o)
                0x0000000008000d44                __udivmoddi4
 .text          0x0000000008001014        0x4 /home/aidan/Applications/STMStuff/IDE_1.9/plugins/com.st.stm32cube.ide.mcu.externaltools.gnu-tools-for-stm32.10.3-2021.10.linux64_1.0.0.202111181127/tools/bin/../lib/gcc/arm-none-eabi/10.3.1/thumb/v7e-m+fp/hard/libgcc.a(_dvmd_tls.o)
                0x0000000008001014                __aeabi_ldiv0
                0x0000000008001014                __aeabi_idiv0
 *(.text*)
 .text.Adc1Init
                0x0000000008001018       0x14 ./Core/Src/Adc/Adc.o
                0x0000000008001018                Adc1Init
 .text.SetAdc1CompleteFlag
                0x000000000800102c        0xc ./Core/Src/Adc/Adc.o
                0x000000000800102c                SetAdc1CompleteFlag
 .text.GetPressureSensor3Value
                0x0000000008001038       0x1c ./Core/Src/Adc/Adc.o
                0x0000000008001038                GetPressureSensor3Value
 .text.GetPressureSensor1Value
                0x0000000008001054       0x1c ./Core/Src/Adc/Adc.o
                0x0000000008001054                GetPressureSensor1Value
 .text.GetPressureSensor2Value
                0x0000000008001070       0x1c ./Core/Src/Adc/Adc.o
                0x0000000008001070                GetPressureSensor2Value
 .text.GetPressureSensor4Value
                0x000000000800108c       0x1c ./Core/Src/Adc/Adc.o
                0x000000000800108c                GetPressureSensor4Value
 .text.GetCalcMmhgSensorPressure2
                0x00000000080010a8       0x58 ./Core/Src/Adc/Adc.o
                0x00000000080010a8                GetCalcMmhgSensorPressure2
 .text.GetCalcMmhgSensorPressure3
                0x0000000008001100       0x58 ./Core/Src/Adc/Adc.o
                0x0000000008001100                GetCalcMmhgSensorPressure3
 .text.GetCalcMmhgSensorPressure4
                0x0000000008001158       0x58 ./Core/Src/Adc/Adc.o
                0x0000000008001158                GetCalcMmhgSensorPressure4
 .text.GetCalcMmhgSensorPressure1
                0x00000000080011b0       0x60 ./Core/Src/Adc/Adc.o
                0x00000000080011b0                GetCalcMmhgSensorPressure1
 .text.Get12vValue
                0x0000000008001210       0x1c ./Core/Src/Adc/Adc.o
                0x0000000008001210                Get12vValue
 .text.Get5VRefValue
                0x000000000800122c       0x1c ./Core/Src/Adc/Adc.o
                0x000000000800122c                Get5VRefValue
 .text.GetCabTempValue
                0x0000000008001248       0x1c ./Core/Src/Adc/Adc.o
                0x0000000008001248                GetCabTempValue
 .text.SetAdc3CompleteFlag
                0x0000000008001264        0xc ./Core/Src/Adc/Adc.o
                0x0000000008001264                SetAdc3CompleteFlag
 .text.GetPfcCurrentMonRawAdc
                0x0000000008001270        0xc ./Core/Src/Adc/Adc.o
                0x0000000008001270                GetPfcCurrentMonRawAdc
 .text.GetPfcVOutRawAdc
                0x000000000800127c        0xc ./Core/Src/Adc/Adc.o
                0x000000000800127c                GetPfcVOutRawAdc
 .text.GetPfcTempMonRawAdc
                0x0000000008001288        0xc ./Core/Src/Adc/Adc.o
                0x0000000008001288                GetPfcTempMonRawAdc
 .text.GetMainPcbaCurrentValue
                0x0000000008001294       0x1c ./Core/Src/Adc/Adc.o
                0x0000000008001294                GetMainPcbaCurrentValue
 .text.GetPower24VoltageValue
                0x00000000080012b0       0x1c ./Core/Src/Adc/Adc.o
                0x00000000080012b0                GetPower24VoltageValue
 .text.Get3V3Value
                0x00000000080012cc       0x1c ./Core/Src/Adc/Adc.o
                0x00000000080012cc                Get3V3Value
 .text.Get5VoltValue
                0x00000000080012e8       0x1c ./Core/Src/Adc/Adc.o
                0x00000000080012e8                Get5VoltValue
 .text.GetPfcCurrentMonValue
                0x0000000008001304       0x1c ./Core/Src/Adc/Adc.o
                0x0000000008001304                GetPfcCurrentMonValue
 .text.GetBuzzerValue
                0x0000000008001320       0x1c ./Core/Src/Adc/Adc.o
                0x0000000008001320                GetBuzzerValue
 .text.GetPfcVOutValue
                0x000000000800133c       0x1c ./Core/Src/Adc/Adc.o
                0x000000000800133c                GetPfcVOutValue
 .text.GetPfcTempMonValue
                0x0000000008001358       0x1c ./Core/Src/Adc/Adc.o
                0x0000000008001358                GetPfcTempMonValue
 .text.ReadAdc1Channels
                0x0000000008001374       0x48 ./Core/Src/Adc/Adc.o
                0x0000000008001374                ReadAdc1Channels
 .text.PrintAdc1Channels
                0x00000000080013bc       0xf8 ./Core/Src/Adc/Adc.o
                0x00000000080013bc                PrintAdc1Channels
 .text.PrintAdc1ChannelsSpecifiedNumberOfTimes
                0x00000000080014b4      0x120 ./Core/Src/Adc/Adc.o
                0x00000000080014b4                PrintAdc1ChannelsSpecifiedNumberOfTimes
 .text.ReadAdc3Channels
                0x00000000080015d4       0x48 ./Core/Src/Adc/Adc.o
                0x00000000080015d4                ReadAdc3Channels
 .text.PrintAdc3Channels
                0x000000000800161c      0x108 ./Core/Src/Adc/Adc.o
                0x000000000800161c                PrintAdc3Channels
 .text.PrintAdc3ChannelsSpecifiedNumberOfTimes
                0x0000000008001724      0x130 ./Core/Src/Adc/Adc.o
                0x0000000008001724                PrintAdc3ChannelsSpecifiedNumberOfTimes
 .text.BUZZER_Request
                0x0000000008001854       0x5c ./Core/Src/Buzzer/Buzzer.o
                0x0000000008001854                BUZZER_Request
 .text.BUZZER_Run
                0x00000000080018b0      0x130 ./Core/Src/Buzzer/Buzzer.o
                0x00000000080018b0                BUZZER_Run
 .text.BUZZER_Init
                0x00000000080019e0       0x14 ./Core/Src/Buzzer/Buzzer.o
                0x00000000080019e0                BUZZER_Init
 .text.Display_Right_Page
                0x00000000080019f4       0x2c ./Core/Src/Display/Display.o
 .text.Display_Sel_Page
                0x0000000008001a20       0x2c ./Core/Src/Display/Display.o
 .text.Display_Down_Page
                0x0000000008001a4c       0x2c ./Core/Src/Display/Display.o
 .text.Display_Up_Page
                0x0000000008001a78       0x2c ./Core/Src/Display/Display.o
 .text.Display_Left_Page
                0x0000000008001aa4       0x2c ./Core/Src/Display/Display.o
 .text.Display_Pause_Page
                0x0000000008001ad0       0x2c ./Core/Src/Display/Display.o
 .text.Display_Menu_Page
                0x0000000008001afc       0x2c ./Core/Src/Display/Display.o
 .text.Display_Start_Page
                0x0000000008001b28       0x2c ./Core/Src/Display/Display.o
 .text.Display_Mute_Page
                0x0000000008001b54       0x2c ./Core/Src/Display/Display.o
 .text.Display_Standby_Page
                0x0000000008001b80       0x70 ./Core/Src/Display/Display.o
 .text.Display_Page
                0x0000000008001bf0       0x14 ./Core/Src/Display/Display.o
 .text.SetSystemState
                0x0000000008001c04       0x14 ./Core/Src/Display/Display.o
                0x0000000008001c04                SetSystemState
 .text.Display_Init
                0x0000000008001c18       0x38 ./Core/Src/Display/Display.o
                0x0000000008001c18                Display_Init
 .text.Display_Manager
                0x0000000008001c50       0xcc ./Core/Src/Display/Display.o
                0x0000000008001c50                Display_Manager
 .text.Display_Request_Refresh
                0x0000000008001d1c        0xc ./Core/Src/Display/Display.o
                0x0000000008001d1c                Display_Request_Refresh
 .text.GetEepromWriteWait
                0x0000000008001d28        0xc ./Core/Src/Eeprom/eeprom.o
                0x0000000008001d28                GetEepromWriteWait
 .text.SetEepromWriteWait
                0x0000000008001d34        0xc ./Core/Src/Eeprom/eeprom.o
                0x0000000008001d34                SetEepromWriteWait
 .text.ReadEeprom
                0x0000000008001d40       0x30 ./Core/Src/Eeprom/eeprom.o
                0x0000000008001d40                ReadEeprom
 .text.GetLogWritePointerFromEeprom
                0x0000000008001d70       0x18 ./Core/Src/Eeprom/eeprom.o
                0x0000000008001d70                GetLogWritePointerFromEeprom
 .text.GetMinuteCounterFromEeprom
                0x0000000008001d88       0x18 ./Core/Src/Eeprom/eeprom.o
                0x0000000008001d88                GetMinuteCounterFromEeprom
 .text.GetEventCounterFromEeprom
                0x0000000008001da0       0x18 ./Core/Src/Eeprom/eeprom.o
                0x0000000008001da0                GetEventCounterFromEeprom
 .text.InitEepromTxQueue
                0x0000000008001db8       0x28 ./Core/Src/Eeprom/eeprom.o
                0x0000000008001db8                InitEepromTxQueue
 .text.IsTxEepromQueueEmpty
                0x0000000008001de0       0x3c ./Core/Src/Eeprom/eeprom.o
                0x0000000008001de0                IsTxEepromQueueEmpty
 .text.IsTxEepromQueueFull
                0x0000000008001e1c       0x2c ./Core/Src/Eeprom/eeprom.o
                0x0000000008001e1c                IsTxEepromQueueFull
 .text.WriteEeprom
                0x0000000008001e48       0xc4 ./Core/Src/Eeprom/eeprom.o
                0x0000000008001e48                WriteEeprom
 .text.ReadTxEepromQueueAndWriteEeprom
                0x0000000008001f0c       0x50 ./Core/Src/Eeprom/eeprom.o
                0x0000000008001f0c                ReadTxEepromQueueAndWriteEeprom
 .text.WriteTxEepromQueue
                0x0000000008001f5c       0x98 ./Core/Src/Eeprom/eeprom.o
                0x0000000008001f5c                WriteTxEepromQueue
 .text.StoreLogWritePointerInEeprom
                0x0000000008001ff4       0x18 ./Core/Src/Eeprom/eeprom.o
                0x0000000008001ff4                StoreLogWritePointerInEeprom
 .text.StoreMinuteCntrInEeprom
                0x000000000800200c       0x16 ./Core/Src/Eeprom/eeprom.o
                0x000000000800200c                StoreMinuteCntrInEeprom
 .text.StoreEventCntrInEeprom
                0x0000000008002022       0x18 ./Core/Src/Eeprom/eeprom.o
                0x0000000008002022                StoreEventCntrInEeprom
 .text.StoreMfgDateInEeprom
                0x000000000800203a        0xa ./Core/Src/Eeprom/eeprom.o
                0x000000000800203a                StoreMfgDateInEeprom
 .text.StoreSerialNumberInEeprom
                0x0000000008002044       0x16 ./Core/Src/Eeprom/eeprom.o
                0x0000000008002044                StoreSerialNumberInEeprom
 *fill*         0x000000000800205a        0x2 
 .text.InitializeLog
                0x000000000800205c       0x40 ./Core/Src/Eeprom/eeprom.o
                0x000000000800205c                InitializeLog
 .text.GetMfgDateFromEeprom
                0x000000000800209c       0x18 ./Core/Src/Eeprom/eeprom.o
                0x000000000800209c                GetMfgDateFromEeprom
 .text.GetSerialNumberFromEeprom
                0x00000000080020b4       0x18 ./Core/Src/Eeprom/eeprom.o
                0x00000000080020b4                GetSerialNumberFromEeprom
 .text.crc32c   0x00000000080020cc       0x2c ./Core/Src/Eeprom/eeprom.o
                0x00000000080020cc                crc32c
 .text.CalcCalConstantsCrc
                0x00000000080020f8       0x1c ./Core/Src/Eeprom/eeprom.o
                0x00000000080020f8                CalcCalConstantsCrc
 .text.ReadFromUpperPartOfEeprom
                0x0000000008002114       0x58 ./Core/Src/Eeprom/eeprom.o
                0x0000000008002114                ReadFromUpperPartOfEeprom
 .text.ReadFromLowerPartOfEeprom
                0x000000000800216c       0x60 ./Core/Src/Eeprom/eeprom.o
                0x000000000800216c                ReadFromLowerPartOfEeprom
 .text.ProcessEepromReadComplete
                0x00000000080021cc      0x218 ./Core/Src/Eeprom/eeprom.o
                0x00000000080021cc                ProcessEepromReadComplete
 .text.SynchOut
                0x00000000080023e4       0x10 ./Core/Src/Hw/hw.o
                0x00000000080023e4                SynchOut
 .text.valve_control
                0x00000000080023f4       0x40 ./Core/Src/Hw/hw.o
                0x00000000080023f4                valve_control
 .text.Valve_1A_On
                0x0000000008002434       0x24 ./Core/Src/Hw/hw.o
                0x0000000008002434                Valve_1A_On
 .text.Valve_1A_Off
                0x0000000008002458       0x24 ./Core/Src/Hw/hw.o
                0x0000000008002458                Valve_1A_Off
 .text.Valve_1B_On
                0x000000000800247c       0x24 ./Core/Src/Hw/hw.o
                0x000000000800247c                Valve_1B_On
 .text.Valve_1B_Off
                0x00000000080024a0       0x24 ./Core/Src/Hw/hw.o
                0x00000000080024a0                Valve_1B_Off
 .text.Valve_2A_On
                0x00000000080024c4       0x10 ./Core/Src/Hw/hw.o
                0x00000000080024c4                Valve_2A_On
 .text.Valve_2A_Off
                0x00000000080024d4       0x10 ./Core/Src/Hw/hw.o
                0x00000000080024d4                Valve_2A_Off
 .text.Valve_2B_On
                0x00000000080024e4       0x10 ./Core/Src/Hw/hw.o
                0x00000000080024e4                Valve_2B_On
 .text.Valve_2B_Off
                0x00000000080024f4       0x10 ./Core/Src/Hw/hw.o
                0x00000000080024f4                Valve_2B_Off
 .text.Valve_3A_On
                0x0000000008002504       0x10 ./Core/Src/Hw/hw.o
                0x0000000008002504                Valve_3A_On
 .text.Valve_3A_Off
                0x0000000008002514       0x10 ./Core/Src/Hw/hw.o
                0x0000000008002514                Valve_3A_Off
 .text.Valve_3B_On
                0x0000000008002524       0x10 ./Core/Src/Hw/hw.o
                0x0000000008002524                Valve_3B_On
 .text.Valve_3B_Off
                0x0000000008002534       0x10 ./Core/Src/Hw/hw.o
                0x0000000008002534                Valve_3B_Off
 .text.Valve_4A_On
                0x0000000008002544       0x10 ./Core/Src/Hw/hw.o
                0x0000000008002544                Valve_4A_On
 .text.Valve_4A_Off
                0x0000000008002554       0x10 ./Core/Src/Hw/hw.o
                0x0000000008002554                Valve_4A_Off
 .text.batleds_control
                0x0000000008002564       0x34 ./Core/Src/Hw/hw.o
                0x0000000008002564                batleds_control
 .text.alarmleds_control
                0x0000000008002598       0x2c ./Core/Src/Hw/hw.o
                0x0000000008002598                alarmleds_control
 .text.compressor_control
                0x00000000080025c4       0x10 ./Core/Src/Hw/hw.o
                0x00000000080025c4                compressor_control
 .text.Compressor_Control_On
                0x00000000080025d4       0x10 ./Core/Src/Hw/hw.o
                0x00000000080025d4                Compressor_Control_On
 .text.Compressor_Control_Off
                0x00000000080025e4       0x10 ./Core/Src/Hw/hw.o
                0x00000000080025e4                Compressor_Control_Off
 .text.MembranePS_control
                0x00000000080025f4       0x10 ./Core/Src/Hw/hw.o
                0x00000000080025f4                MembranePS_control
 .text.displayPS_control
                0x0000000008002604       0x10 ./Core/Src/Hw/hw.o
                0x0000000008002604                displayPS_control
 .text.powerpcb_control
                0x0000000008002614       0x10 ./Core/Src/Hw/hw.o
                0x0000000008002614                powerpcb_control
 .text.PF_control
                0x0000000008002624       0x10 ./Core/Src/Hw/hw.o
                0x0000000008002624                PF_control
 .text.PFC_RLY_control
                0x0000000008002634       0x10 ./Core/Src/Hw/hw.o
                0x0000000008002634                PFC_RLY_control
 .text.BlowerDAC
                0x0000000008002644       0x10 ./Core/Src/Hw/hw.o
                0x0000000008002644                BlowerDAC
 *fill*         0x0000000008002654        0x4 
 .text.BlowerControl
                0x0000000008002658       0x98 ./Core/Src/Hw/hw.o
                0x0000000008002658                BlowerControl
 .text.BlowerOff
                0x00000000080026f0       0x30 ./Core/Src/Hw/hw.o
                0x00000000080026f0                BlowerOff
 .text.Set_Fan_ONOFF
                0x0000000008002720       0x18 ./Core/Src/Hw/hw.o
                0x0000000008002720                Set_Fan_ONOFF
 .text.FanOnOff
                0x0000000008002738       0x34 ./Core/Src/Hw/hw.o
                0x0000000008002738                FanOnOff
 .text.cprtsystem_init
                0x000000000800276c       0x28 ./Core/Src/Hw/hw.o
                0x000000000800276c                cprtsystem_init
 .text.cprtPowerOnSequence
                0x0000000008002794      0x108 ./Core/Src/Hw/hw.o
                0x0000000008002794                cprtPowerOnSequence
 .text.cprtPowerOffSequence
                0x000000000800289c       0x9c ./Core/Src/Hw/hw.o
                0x000000000800289c                cprtPowerOffSequence
 .text.SetPfcPowerFailWarn
                0x0000000008002938        0xc ./Core/Src/Hw/hw.o
                0x0000000008002938                SetPfcPowerFailWarn
 .text.SetPfcLoadEnable
                0x0000000008002944        0xc ./Core/Src/Hw/hw.o
                0x0000000008002944                SetPfcLoadEnable
 .text.GetClearScreenWait
                0x0000000008002950        0xc ./Core/Src/Lcd/lcd.o
                0x0000000008002950                GetClearScreenWait
 .text.SetClearScreenWait
                0x000000000800295c        0xc ./Core/Src/Lcd/lcd.o
                0x000000000800295c                SetClearScreenWait
 .text.IsTxLcdQueueEmpty
                0x0000000008002968       0x44 ./Core/Src/Lcd/lcd.o
                0x0000000008002968                IsTxLcdQueueEmpty
 .text.IsTxLcdQueueFull
                0x00000000080029ac       0x2c ./Core/Src/Lcd/lcd.o
                0x00000000080029ac                IsTxLcdQueueFull
 .text.ReadTxLcdQueueAndTransmit
                0x00000000080029d8       0xd4 ./Core/Src/Lcd/lcd.o
                0x00000000080029d8                ReadTxLcdQueueAndTransmit
 .text.WriteTxLcdQueue
                0x0000000008002aac       0x8c ./Core/Src/Lcd/lcd.o
                0x0000000008002aac                WriteTxLcdQueue
 .text.LCD_MoveCursor
                0x0000000008002b38       0x3c ./Core/Src/Lcd/lcd.o
                0x0000000008002b38                LCD_MoveCursor
 .text.LCD_Write
                0x0000000008002b74       0x32 ./Core/Src/Lcd/lcd.o
                0x0000000008002b74                LCD_Write
 *fill*         0x0000000008002ba6        0x2 
 .text.LCD_Init
                0x0000000008002ba8       0x84 ./Core/Src/Lcd/lcd.o
                0x0000000008002ba8                LCD_Init
 .text.LCD_Power_Onoff
                0x0000000008002c2c       0x14 ./Core/Src/Lcd/lcd.o
                0x0000000008002c2c                LCD_Power_Onoff
 .text.LED_Set  0x0000000008002c40       0xc0 ./Core/Src/Led/led.o
                0x0000000008002c40                LED_Set
 .text.LED_Run  0x0000000008002d00       0xd4 ./Core/Src/Led/led.o
                0x0000000008002d00                LED_Run
 .text.Model_Init
                0x0000000008002dd4       0x18 ./Core/Src/Model/Model.o
                0x0000000008002dd4                Model_Init
 .text.MAX7370_read
                0x0000000008002dec       0x50 ./Core/Src/Switches/Switches.o
 .text.MAX7370_write.constprop.0
                0x0000000008002e3c       0x34 ./Core/Src/Switches/Switches.o
 .text.Switches_Init
                0x0000000008002e70       0xb4 ./Core/Src/Switches/Switches.o
                0x0000000008002e70                Switches_Init
 .text.KeyCodeTranslation
                0x0000000008002f24       0x1c ./Core/Src/Switches/Switches.o
                0x0000000008002f24                KeyCodeTranslation
 .text.Switches_Scan
                0x0000000008002f40      0x118 ./Core/Src/Switches/Switches.o
                0x0000000008002f40                Switches_Scan
 .text.Switches_Get_Status
                0x0000000008003058       0x14 ./Core/Src/Switches/Switches.o
                0x0000000008003058                Switches_Get_Status
 .text.Switches_Power_Onoff
                0x000000000800306c       0x14 ./Core/Src/Switches/Switches.o
                0x000000000800306c                Switches_Power_Onoff
 .text.LED_Start_On
                0x0000000008003080       0x28 ./Core/Src/Switches/Switches.o
                0x0000000008003080                LED_Start_On
 .text.LED_Start_Off
                0x00000000080030a8       0x28 ./Core/Src/Switches/Switches.o
                0x00000000080030a8                LED_Start_Off
 .text.LED_Pause_On
                0x00000000080030d0       0x28 ./Core/Src/Switches/Switches.o
                0x00000000080030d0                LED_Pause_On
 .text.LED_Pause_Off
                0x00000000080030f8       0x28 ./Core/Src/Switches/Switches.o
                0x00000000080030f8                LED_Pause_Off
 .text.IsAlpha  0x0000000008003120       0x24 ./Core/Src/Utilities/interp.o
                0x0000000008003120                IsAlpha
 .text.InterpRun
                0x0000000008003144      0x144 ./Core/Src/Utilities/interp.o
                0x0000000008003144                InterpRun
 .text.InterpRegister
                0x0000000008003288       0x44 ./Core/Src/Utilities/interp.o
                0x0000000008003288                InterpRegister
 .text.InterpInit
                0x00000000080032cc       0x24 ./Core/Src/Utilities/interp.o
                0x00000000080032cc                InterpInit
 .text.wdiControl
                0x00000000080032f0       0x38 ./Core/Src/Utilities/uart_command.o
                0x00000000080032f0                wdiControl
 .text.SetAllLedBlink
                0x0000000008003328       0x1c ./Core/Src/Utilities/uart_command.o
                0x0000000008003328                SetAllLedBlink
 .text.SetAllLedOn
                0x0000000008003344       0x1c ./Core/Src/Utilities/uart_command.o
                0x0000000008003344                SetAllLedOn
 .text.SetAllLedOff
                0x0000000008003360       0x1c ./Core/Src/Utilities/uart_command.o
                0x0000000008003360                SetAllLedOff
 .text.InitLog  0x000000000800337c       0x14 ./Core/Src/Utilities/uart_command.o
                0x000000000800337c                InitLog
 .text.GetMfgDate
                0x0000000008003390        0xa ./Core/Src/Utilities/uart_command.o
                0x0000000008003390                GetMfgDate
 *fill*         0x000000000800339a        0x2 
 .text.SetMfgDate
                0x000000000800339c       0x1c ./Core/Src/Utilities/uart_command.o
                0x000000000800339c                SetMfgDate
 .text.GetSerialNum
                0x00000000080033b8        0xa ./Core/Src/Utilities/uart_command.o
                0x00000000080033b8                GetSerialNum
 *fill*         0x00000000080033c2        0x2 
 .text.DisplayTime
                0x00000000080033c4       0x24 ./Core/Src/Utilities/uart_command.o
                0x00000000080033c4                DisplayTime
 .text.StopDebugPrinting
                0x00000000080033e8       0x24 ./Core/Src/Utilities/uart_command.o
                0x00000000080033e8                StopDebugPrinting
 .text.SetSerialNum
                0x000000000800340c       0x20 ./Core/Src/Utilities/uart_command.o
                0x000000000800340c                SetSerialNum
 .text.SetMediumAlarm
                0x000000000800342c       0x28 ./Core/Src/Utilities/uart_command.o
                0x000000000800342c                SetMediumAlarm
 .text.SetHightAlarm
                0x0000000008003454       0x28 ./Core/Src/Utilities/uart_command.o
                0x0000000008003454                SetHightAlarm
 .text.SetAlarmOff
                0x000000000800347c       0x24 ./Core/Src/Utilities/uart_command.o
                0x000000000800347c                SetAlarmOff
 .text.SetDacOutput
                0x00000000080034a0       0x68 ./Core/Src/Utilities/uart_command.o
                0x00000000080034a0                SetDacOutput
 .text.GetDacOutput
                0x0000000008003508       0x14 ./Core/Src/Utilities/uart_command.o
                0x0000000008003508                GetDacOutput
 .text.SetRTCTime
                0x000000000800351c       0x34 ./Core/Src/Utilities/uart_command.o
                0x000000000800351c                SetRTCTime
 .text.SetRTCDate
                0x0000000008003550       0x42 ./Core/Src/Utilities/uart_command.o
                0x0000000008003550                SetRTCDate
 *fill*         0x0000000008003592        0x2 
 .text.GetAdc1Values
                0x0000000008003594       0x30 ./Core/Src/Utilities/uart_command.o
                0x0000000008003594                GetAdc1Values
 .text.GetAdc3Values
                0x00000000080035c4       0x30 ./Core/Src/Utilities/uart_command.o
                0x00000000080035c4                GetAdc3Values
 .text.GetAdc1OneTime
                0x00000000080035f4        0xa ./Core/Src/Utilities/uart_command.o
                0x00000000080035f4                GetAdc1OneTime
 .text.GetAdc3OneTime
                0x00000000080035fe        0xa ./Core/Src/Utilities/uart_command.o
                0x00000000080035fe                GetAdc3OneTime
 .text.ValveControl
                0x0000000008003608       0x60 ./Core/Src/Utilities/uart_command.o
                0x0000000008003608                ValveControl
 .text.SetFanOnOff
                0x0000000008003668       0x18 ./Core/Src/Utilities/uart_command.o
                0x0000000008003668                SetFanOnOff
 .text.BatLedControl
                0x0000000008003680       0x54 ./Core/Src/Utilities/uart_command.o
                0x0000000008003680                BatLedControl
 .text.LedAlarmControl
                0x00000000080036d4       0x54 ./Core/Src/Utilities/uart_command.o
                0x00000000080036d4                LedAlarmControl
 .text.CompressorControl
                0x0000000008003728       0x38 ./Core/Src/Utilities/uart_command.o
                0x0000000008003728                CompressorControl
 .text.MembranePSControl
                0x0000000008003760       0x38 ./Core/Src/Utilities/uart_command.o
                0x0000000008003760                MembranePSControl
 .text.DisplayPSControl
                0x0000000008003798       0x38 ./Core/Src/Utilities/uart_command.o
                0x0000000008003798                DisplayPSControl
 .text.SyncOutControl
                0x00000000080037d0       0x38 ./Core/Src/Utilities/uart_command.o
                0x00000000080037d0                SyncOutControl
 .text.pcbpowerrelayControl
                0x0000000008003808       0x38 ./Core/Src/Utilities/uart_command.o
                0x0000000008003808                pcbpowerrelayControl
 .text.pfControl
                0x0000000008003840       0x38 ./Core/Src/Utilities/uart_command.o
                0x0000000008003840                pfControl
 .text.pfcRlyControl
                0x0000000008003878       0x38 ./Core/Src/Utilities/uart_command.o
                0x0000000008003878                pfcRlyControl
 .text.BlowerSpeedCtrl
                0x00000000080038b0       0x38 ./Core/Src/Utilities/uart_command.o
                0x00000000080038b0                BlowerSpeedCtrl
 .text.BlowerCtrl
                0x00000000080038e8       0x38 ./Core/Src/Utilities/uart_command.o
                0x00000000080038e8                BlowerCtrl
 .text.Bloweroff
                0x0000000008003920        0xa ./Core/Src/Utilities/uart_command.o
                0x0000000008003920                Bloweroff
 .text.CprtseqON
                0x000000000800392a        0xa ./Core/Src/Utilities/uart_command.o
                0x000000000800392a                CprtseqON
 .text.CprtseqOFF
                0x0000000008003934        0xa ./Core/Src/Utilities/uart_command.o
                0x0000000008003934                CprtseqOFF
 *fill*         0x000000000800393e        0x2 
 .text.GetNoAsyncPrintsFlag
                0x0000000008003940        0xc ./Core/Src/Utilities/uart_command.o
                0x0000000008003940                GetNoAsyncPrintsFlag
 .text.IsStopDebugPring
                0x000000000800394c        0xc ./Core/Src/Utilities/uart_command.o
                0x000000000800394c                IsStopDebugPring
 .text.PrintManagerInit
                0x0000000008003958       0x18 ./Core/Src/Utilities/uart_command.o
                0x0000000008003958                PrintManagerInit
 .text.PrintManager
                0x0000000008003970      0x100 ./Core/Src/Utilities/uart_command.o
                0x0000000008003970                PrintManager
 .text.SetPrintTimePeriods
                0x0000000008003a70       0x7c ./Core/Src/Utilities/uart_command.o
                0x0000000008003a70                SetPrintTimePeriods
 .text.SetPMprints
                0x0000000008003aec       0x78 ./Core/Src/Utilities/uart_command.o
                0x0000000008003aec                SetPMprints
 .text.RegisterAllCommands
                0x0000000008003b64      0x31c ./Core/Src/Utilities/uart_command.o
                0x0000000008003b64                RegisterAllCommands
 .text.InitUartTxQueue
                0x0000000008003e80       0x20 ./Core/Src/Utilities/utilities.o
                0x0000000008003e80                InitUartTxQueue
 .text.IsTxUartQueueEmpty
                0x0000000008003ea0       0x44 ./Core/Src/Utilities/utilities.o
                0x0000000008003ea0                IsTxUartQueueEmpty
 .text.IsTxUartQueueFull
                0x0000000008003ee4       0x2c ./Core/Src/Utilities/utilities.o
                0x0000000008003ee4                IsTxUartQueueFull
 .text.ReadTxUartQueueAndTransmit
                0x0000000008003f10       0x84 ./Core/Src/Utilities/utilities.o
                0x0000000008003f10                ReadTxUartQueueAndTransmit
 .text.GuiUartPrintf
                0x0000000008003f94       0x6c ./Core/Src/Utilities/utilities.o
                0x0000000008003f94                GuiUartPrintf
 .text.GetTimeMs
                0x0000000008004000       0x14 ./Core/Src/Utilities/utilities.o
                0x0000000008004000                GetTimeMs
 .text.DiffTimeFromStartTimeMs
                0x0000000008004014       0x18 ./Core/Src/Utilities/utilities.o
                0x0000000008004014                DiffTimeFromStartTimeMs
 .text.WriteTxUartQueue
                0x000000000800402c       0x8c ./Core/Src/Utilities/utilities.o
                0x000000000800402c                WriteTxUartQueue
 .text.UartPrintf
                0x00000000080040b8       0x5c ./Core/Src/Utilities/utilities.o
                0x00000000080040b8                UartPrintf
 .text.UartPrintfWithoutPrompt
                0x0000000008004114       0x4c ./Core/Src/Utilities/utilities.o
                0x0000000008004114                UartPrintfWithoutPrompt
 .text.PmUartPrintfWithoutPrompt
                0x0000000008004160       0x48 ./Core/Src/Utilities/utilities.o
                0x0000000008004160                PmUartPrintfWithoutPrompt
 .text.Get_SysTick
                0x00000000080041a8        0x4 ./Core/Src/Utilities/utilities.o
                0x00000000080041a8                Get_SysTick
 .text.IsPfcLoadEnLow
                0x00000000080041ac       0x18 ./Core/Src/main.o
                0x00000000080041ac                IsPfcLoadEnLow
 .text.IsPfcPowerFailWarnLow
                0x00000000080041c4       0x18 ./Core/Src/main.o
                0x00000000080041c4                IsPfcPowerFailWarnLow
 .text.Refresh_Hardware_WDT
                0x00000000080041dc       0x10 ./Core/Src/main.o
                0x00000000080041dc                Refresh_Hardware_WDT
 .text.delayWd100ms
                0x00000000080041ec       0x2c ./Core/Src/main.o
                0x00000000080041ec                delayWd100ms
 .text.CommandProcessing
                0x0000000008004218       0x44 ./Core/Src/main.o
                0x0000000008004218                CommandProcessing
 .text.GuiCommandProcessing
                0x000000000800425c      0x210 ./Core/Src/main.o
                0x000000000800425c                GuiCommandProcessing
 *fill*         0x000000000800446c        0x4 
 .text.Set_DAC_Voltage
                0x0000000008004470       0x8c ./Core/Src/main.o
                0x0000000008004470                Set_DAC_Voltage
 *fill*         0x00000000080044fc        0x4 
 .text.Get_DAC_Voltage
                0x0000000008004500       0x48 ./Core/Src/main.o
                0x0000000008004500                Get_DAC_Voltage
 .text.Get_Time
                0x0000000008004548       0x64 ./Core/Src/main.o
                0x0000000008004548                Get_Time
 .text.Monitor  0x00000000080045ac        0xe ./Core/Src/main.o
                0x00000000080045ac                Monitor
 *fill*         0x00000000080045ba        0x2 
 .text.HAL_TIM_PeriodElapsedCallback
                0x00000000080045bc       0xf4 ./Core/Src/main.o
                0x00000000080045bc                HAL_TIM_PeriodElapsedCallback
 .text.HAL_GPIO_EXTI_Callback
                0x00000000080046b0       0x7c ./Core/Src/main.o
                0x00000000080046b0                HAL_GPIO_EXTI_Callback
 .text.HAL_I2C_MemRxCpltCallback
                0x000000000800472c       0x14 ./Core/Src/main.o
                0x000000000800472c                HAL_I2C_MemRxCpltCallback
 .text.HAL_I2C_MemTxCpltCallback
                0x0000000008004740       0x14 ./Core/Src/main.o
                0x0000000008004740                HAL_I2C_MemTxCpltCallback
 .text.HAL_I2C_MasterRxCpltCallback
                0x0000000008004754       0x20 ./Core/Src/main.o
                0x0000000008004754                HAL_I2C_MasterRxCpltCallback
 .text.HAL_I2C_MasterTxCpltCallback
                0x0000000008004774       0x1c ./Core/Src/main.o
                0x0000000008004774                HAL_I2C_MasterTxCpltCallback
 .text.HAL_UART_TxCpltCallback
                0x0000000008004790       0x14 ./Core/Src/main.o
                0x0000000008004790                HAL_UART_TxCpltCallback
 .text.HAL_ADC_ConvCpltCallback
                0x00000000080047a4       0x24 ./Core/Src/main.o
                0x00000000080047a4                HAL_ADC_ConvCpltCallback
 .text.SetMinuteCount
                0x00000000080047c8        0xc ./Core/Src/main.o
                0x00000000080047c8                SetMinuteCount
 .text.GetSwVersionString
                0x00000000080047d4        0xc ./Core/Src/main.o
                0x00000000080047d4                GetSwVersionString
 .text.Error_Handler
                0x00000000080047e0       0x30 ./Core/Src/main.o
                0x00000000080047e0                Error_Handler
 .text.Set_Time
                0x0000000008004810       0x3c ./Core/Src/main.o
                0x0000000008004810                Set_Time
 .text.Set_Date
                0x000000000800484c       0x3c ./Core/Src/main.o
                0x000000000800484c                Set_Date
 .text.SystemClock_Config
                0x0000000008004888      0x104 ./Core/Src/main.o
                0x0000000008004888                SystemClock_Config
 .text.startup.main
                0x000000000800498c      0xdd8 ./Core/Src/main.o
                0x000000000800498c                main
 .text.HAL_MspInit
                0x0000000008005764       0x30 ./Core/Src/stm32f7xx_hal_msp.o
                0x0000000008005764                HAL_MspInit
 .text.HAL_ADC_MspInit
                0x0000000008005794      0x184 ./Core/Src/stm32f7xx_hal_msp.o
                0x0000000008005794                HAL_ADC_MspInit
 .text.HAL_DAC_MspInit
                0x0000000008005918       0x5c ./Core/Src/stm32f7xx_hal_msp.o
                0x0000000008005918                HAL_DAC_MspInit
 .text.HAL_I2C_MspInit
                0x0000000008005974      0x10c ./Core/Src/stm32f7xx_hal_msp.o
                0x0000000008005974                HAL_I2C_MspInit
 .text.HAL_RTC_MspInit
                0x0000000008005a80       0x1c ./Core/Src/stm32f7xx_hal_msp.o
                0x0000000008005a80                HAL_RTC_MspInit
 .text.HAL_SD_MspInit
                0x0000000008005a9c      0x170 ./Core/Src/stm32f7xx_hal_msp.o
                0x0000000008005a9c                HAL_SD_MspInit
 .text.HAL_SPI_MspInit
                0x0000000008005c0c       0xe0 ./Core/Src/stm32f7xx_hal_msp.o
                0x0000000008005c0c                HAL_SPI_MspInit
 .text.HAL_TIM_Base_MspInit
                0x0000000008005cec      0x110 ./Core/Src/stm32f7xx_hal_msp.o
                0x0000000008005cec                HAL_TIM_Base_MspInit
 .text.HAL_TIM_MspPostInit
                0x0000000008005dfc       0x88 ./Core/Src/stm32f7xx_hal_msp.o
                0x0000000008005dfc                HAL_TIM_MspPostInit
 .text.HAL_UART_MspInit
                0x0000000008005e84      0x14c ./Core/Src/stm32f7xx_hal_msp.o
                0x0000000008005e84                HAL_UART_MspInit
 .text.NMI_Handler
                0x0000000008005fd0        0x2 ./Core/Src/stm32f7xx_it.o
                0x0000000008005fd0                NMI_Handler
 .text.HardFault_Handler
                0x0000000008005fd2        0x2 ./Core/Src/stm32f7xx_it.o
                0x0000000008005fd2                HardFault_Handler
 .text.MemManage_Handler
                0x0000000008005fd4        0x2 ./Core/Src/stm32f7xx_it.o
                0x0000000008005fd4                MemManage_Handler
 .text.BusFault_Handler
                0x0000000008005fd6        0x2 ./Core/Src/stm32f7xx_it.o
                0x0000000008005fd6                BusFault_Handler
 .text.UsageFault_Handler
                0x0000000008005fd8        0x2 ./Core/Src/stm32f7xx_it.o
                0x0000000008005fd8                UsageFault_Handler
 .text.SVC_Handler
                0x0000000008005fda        0x2 ./Core/Src/stm32f7xx_it.o
                0x0000000008005fda                SVC_Handler
 .text.DebugMon_Handler
                0x0000000008005fdc        0x2 ./Core/Src/stm32f7xx_it.o
                0x0000000008005fdc                DebugMon_Handler
 .text.PendSV_Handler
                0x0000000008005fde        0x2 ./Core/Src/stm32f7xx_it.o
                0x0000000008005fde                PendSV_Handler
 .text.SysTick_Handler
                0x0000000008005fe0        0x4 ./Core/Src/stm32f7xx_it.o
                0x0000000008005fe0                SysTick_Handler
 .text.EXTI2_IRQHandler
                0x0000000008005fe4        0x6 ./Core/Src/stm32f7xx_it.o
                0x0000000008005fe4                EXTI2_IRQHandler
 *fill*         0x0000000008005fea        0x2 
 .text.DMA1_Stream1_IRQHandler
                0x0000000008005fec        0xc ./Core/Src/stm32f7xx_it.o
                0x0000000008005fec                DMA1_Stream1_IRQHandler
 .text.TIM2_IRQHandler
                0x0000000008005ff8        0xc ./Core/Src/stm32f7xx_it.o
                0x0000000008005ff8                TIM2_IRQHandler
 .text.I2C2_EV_IRQHandler
                0x0000000008006004        0xc ./Core/Src/stm32f7xx_it.o
                0x0000000008006004                I2C2_EV_IRQHandler
 .text.EXTI15_10_IRQHandler
                0x0000000008006010       0x6c ./Core/Src/stm32f7xx_it.o
                0x0000000008006010                EXTI15_10_IRQHandler
 .text.TIM7_IRQHandler
                0x000000000800607c        0xc ./Core/Src/stm32f7xx_it.o
                0x000000000800607c                TIM7_IRQHandler
 .text.DMA2_Stream0_IRQHandler
                0x0000000008006088        0xc ./Core/Src/stm32f7xx_it.o
                0x0000000008006088                DMA2_Stream0_IRQHandler
 .text.DMA2_Stream1_IRQHandler
                0x0000000008006094        0xc ./Core/Src/stm32f7xx_it.o
                0x0000000008006094                DMA2_Stream1_IRQHandler
 .text.DMA2_Stream4_IRQHandler
                0x00000000080060a0        0xc ./Core/Src/stm32f7xx_it.o
                0x00000000080060a0                DMA2_Stream4_IRQHandler
 .text.OTG_FS_IRQHandler
                0x00000000080060ac        0xc ./Core/Src/stm32f7xx_it.o
                0x00000000080060ac                OTG_FS_IRQHandler
 .text.DMA2_Stream5_IRQHandler
                0x00000000080060b8        0xc ./Core/Src/stm32f7xx_it.o
                0x00000000080060b8                DMA2_Stream5_IRQHandler
 .text.I2C3_EV_IRQHandler
                0x00000000080060c4        0xc ./Core/Src/stm32f7xx_it.o
                0x00000000080060c4                I2C3_EV_IRQHandler
 .text.SDMMC2_IRQHandler
                0x00000000080060d0        0xc ./Core/Src/stm32f7xx_it.o
                0x00000000080060d0                SDMMC2_IRQHandler
 .text.USER_UART_IDLECallback
                0x00000000080060dc      0x100 ./Core/Src/stm32f7xx_it.o
                0x00000000080060dc                USER_UART_IDLECallback
 .text.USER_UART8_IDLECallback
                0x00000000080061dc      0x100 ./Core/Src/stm32f7xx_it.o
                0x00000000080061dc                USER_UART8_IDLECallback
 .text.USER_UART_IRQHandler
                0x00000000080062dc       0x50 ./Core/Src/stm32f7xx_it.o
                0x00000000080062dc                USER_UART_IRQHandler
 .text.UART5_IRQHandler
                0x000000000800632c       0x18 ./Core/Src/stm32f7xx_it.o
                0x000000000800632c                UART5_IRQHandler
 .text.UART8_IRQHandler
                0x0000000008006344       0x18 ./Core/Src/stm32f7xx_it.o
                0x0000000008006344                UART8_IRQHandler
 .text._getpid  0x000000000800635c        0x4 ./Core/Src/syscalls.o
                0x000000000800635c                _getpid
 .text._kill    0x0000000008006360       0x10 ./Core/Src/syscalls.o
                0x0000000008006360                _kill
 .text._exit    0x0000000008006370        0xc ./Core/Src/syscalls.o
                0x0000000008006370                _exit
 .text._read    0x000000000800637c       0x1c ./Core/Src/syscalls.o
                0x000000000800637c                _read
 .text._write   0x0000000008006398       0x1c ./Core/Src/syscalls.o
                0x0000000008006398                _write
 .text._close   0x00000000080063b4        0x6 ./Core/Src/syscalls.o
                0x00000000080063b4                _close
 .text._fstat   0x00000000080063ba        0xa ./Core/Src/syscalls.o
                0x00000000080063ba                _fstat
 .text._isatty  0x00000000080063c4        0x4 ./Core/Src/syscalls.o
                0x00000000080063c4                _isatty
 .text._lseek   0x00000000080063c8        0x4 ./Core/Src/syscalls.o
                0x00000000080063c8                _lseek
 .text._sbrk    0x00000000080063cc       0x40 ./Core/Src/sysmem.o
                0x00000000080063cc                _sbrk
 .text.SystemInit
                0x000000000800640c       0x14 ./Core/Src/system_stm32f7xx.o
                0x000000000800640c                SystemInit
 .text.Reset_Handler
                0x0000000008006420       0x50 ./Core/Startup/startup_stm32f722zetx.o
                0x0000000008006420                Reset_Handler
 .text.Default_Handler
                0x0000000008006470        0x2 ./Core/Startup/startup_stm32f722zetx.o
                0x0000000008006470                RTC_Alarm_IRQHandler
                0x0000000008006470                TIM8_CC_IRQHandler
                0x0000000008006470                SPI4_IRQHandler
                0x0000000008006470                TIM1_CC_IRQHandler
                0x0000000008006470                DMA1_Stream5_IRQHandler
                0x0000000008006470                PVD_IRQHandler
                0x0000000008006470                TAMP_STAMP_IRQHandler
                0x0000000008006470                EXTI3_IRQHandler
                0x0000000008006470                TIM8_TRG_COM_TIM14_IRQHandler
                0x0000000008006470                TIM1_UP_TIM10_IRQHandler
                0x0000000008006470                TIM8_UP_TIM13_IRQHandler
                0x0000000008006470                I2C3_ER_IRQHandler
                0x0000000008006470                EXTI0_IRQHandler
                0x0000000008006470                DMA1_Stream2_IRQHandler
                0x0000000008006470                CAN1_RX0_IRQHandler
                0x0000000008006470                FPU_IRQHandler
                0x0000000008006470                OTG_HS_WKUP_IRQHandler
                0x0000000008006470                DMA2_Stream2_IRQHandler
                0x0000000008006470                SPI1_IRQHandler
                0x0000000008006470                TIM6_DAC_IRQHandler
                0x0000000008006470                TIM1_BRK_TIM9_IRQHandler
                0x0000000008006470                DMA2_Stream3_IRQHandler
                0x0000000008006470                SAI2_IRQHandler
                0x0000000008006470                USART6_IRQHandler
                0x0000000008006470                USART3_IRQHandler
                0x0000000008006470                CAN1_RX1_IRQHandler
                0x0000000008006470                TIM4_IRQHandler
                0x0000000008006470                QUADSPI_IRQHandler
                0x0000000008006470                I2C1_EV_IRQHandler
                0x0000000008006470                DMA1_Stream6_IRQHandler
                0x0000000008006470                UART4_IRQHandler
                0x0000000008006470                TIM3_IRQHandler
                0x0000000008006470                RCC_IRQHandler
                0x0000000008006470                TIM8_BRK_TIM12_IRQHandler
                0x0000000008006470                Default_Handler
                0x0000000008006470                ADC_IRQHandler
                0x0000000008006470                DMA1_Stream7_IRQHandler
                0x0000000008006470                SPI5_IRQHandler
                0x0000000008006470                SDMMC1_IRQHandler
                0x0000000008006470                TIM5_IRQHandler
                0x0000000008006470                DMA2_Stream7_IRQHandler
                0x0000000008006470                EXTI9_5_IRQHandler
                0x0000000008006470                RTC_WKUP_IRQHandler
                0x0000000008006470                SPI2_IRQHandler
                0x0000000008006470                OTG_HS_EP1_IN_IRQHandler
                0x0000000008006470                DMA1_Stream0_IRQHandler
                0x0000000008006470                CAN1_TX_IRQHandler
                0x0000000008006470                EXTI4_IRQHandler
                0x0000000008006470                RNG_IRQHandler
                0x0000000008006470                OTG_HS_EP1_OUT_IRQHandler
                0x0000000008006470                WWDG_IRQHandler
                0x0000000008006470                OTG_FS_WKUP_IRQHandler
                0x0000000008006470                TIM1_TRG_COM_TIM11_IRQHandler
                0x0000000008006470                OTG_HS_IRQHandler
                0x0000000008006470                EXTI1_IRQHandler
                0x0000000008006470                UART7_IRQHandler
                0x0000000008006470                USART2_IRQHandler
                0x0000000008006470                I2C2_ER_IRQHandler
                0x0000000008006470                CAN1_SCE_IRQHandler
                0x0000000008006470                FLASH_IRQHandler
                0x0000000008006470                USART1_IRQHandler
                0x0000000008006470                SPI3_IRQHandler
                0x0000000008006470                DMA1_Stream4_IRQHandler
                0x0000000008006470                I2C1_ER_IRQHandler
                0x0000000008006470                FMC_IRQHandler
                0x0000000008006470                LPTIM1_IRQHandler
                0x0000000008006470                DMA2_Stream6_IRQHandler
                0x0000000008006470                SAI1_IRQHandler
                0x0000000008006470                DMA1_Stream3_IRQHandler
 *fill*         0x0000000008006472        0x2 
 .text.HAL_InitTick
                0x0000000008006474       0x48 ./Drivers/STM32F7xx_HAL_Driver/Src/stm32f7xx_hal.o
                0x0000000008006474                HAL_InitTick
 .text.HAL_Init
                0x00000000080064bc       0x24 ./Drivers/STM32F7xx_HAL_Driver/Src/stm32f7xx_hal.o
                0x00000000080064bc                HAL_Init
 .text.HAL_IncTick
                0x00000000080064e0       0x18 ./Drivers/STM32F7xx_HAL_Driver/Src/stm32f7xx_hal.o
                0x00000000080064e0                HAL_IncTick
 .text.HAL_GetTick
                0x00000000080064f8        0xc ./Drivers/STM32F7xx_HAL_Driver/Src/stm32f7xx_hal.o
                0x00000000080064f8                HAL_GetTick
 .text.HAL_Delay
                0x0000000008006504       0x24 ./Drivers/STM32F7xx_HAL_Driver/Src/stm32f7xx_hal.o
                0x0000000008006504                HAL_Delay
 .text.HAL_ADC_Init
                0x0000000008006528      0x14c ./Drivers/STM32F7xx_HAL_Driver/Src/stm32f7xx_hal_adc.o
                0x0000000008006528                HAL_ADC_Init
 .text.HAL_ADC_Start
                0x0000000008006674       0xf4 ./Drivers/STM32F7xx_HAL_Driver/Src/stm32f7xx_hal_adc.o
                0x0000000008006674                HAL_ADC_Start
 .text.HAL_ADC_Start_DMA
                0x0000000008006768      0x134 ./Drivers/STM32F7xx_HAL_Driver/Src/stm32f7xx_hal_adc.o
                0x0000000008006768                HAL_ADC_Start_DMA
 .text.HAL_ADC_Stop_DMA
                0x000000000800689c       0x72 ./Drivers/STM32F7xx_HAL_Driver/Src/stm32f7xx_hal_adc.o
                0x000000000800689c                HAL_ADC_Stop_DMA
 .text.HAL_ADC_ConvHalfCpltCallback
                0x000000000800690e        0x2 ./Drivers/STM32F7xx_HAL_Driver/Src/stm32f7xx_hal_adc.o
                0x000000000800690e                HAL_ADC_ConvHalfCpltCallback
 .text.ADC_DMAHalfConvCplt
                0x0000000008006910        0xa ./Drivers/STM32F7xx_HAL_Driver/Src/stm32f7xx_hal_adc.o
 .text.HAL_ADC_ErrorCallback
                0x000000000800691a        0x2 ./Drivers/STM32F7xx_HAL_Driver/Src/stm32f7xx_hal_adc.o
                0x000000000800691a                HAL_ADC_ErrorCallback
 .text.ADC_DMAError
                0x000000000800691c       0x16 ./Drivers/STM32F7xx_HAL_Driver/Src/stm32f7xx_hal_adc.o
 .text.ADC_DMAConvCplt
                0x0000000008006932       0x6c ./Drivers/STM32F7xx_HAL_Driver/Src/stm32f7xx_hal_adc.o
 *fill*         0x000000000800699e        0x2 
 .text.HAL_ADC_ConfigChannel
                0x00000000080069a0      0x14c ./Drivers/STM32F7xx_HAL_Driver/Src/stm32f7xx_hal_adc.o
                0x00000000080069a0                HAL_ADC_ConfigChannel
 .text.HAL_ADC_AnalogWDGConfig
                0x0000000008006aec       0x5e ./Drivers/STM32F7xx_HAL_Driver/Src/stm32f7xx_hal_adc.o
                0x0000000008006aec                HAL_ADC_AnalogWDGConfig
 *fill*         0x0000000008006b4a        0x2 
 .text.HAL_NVIC_SetPriorityGrouping
                0x0000000008006b4c       0x24 ./Drivers/STM32F7xx_HAL_Driver/Src/stm32f7xx_hal_cortex.o
                0x0000000008006b4c                HAL_NVIC_SetPriorityGrouping
 .text.HAL_NVIC_SetPriority
                0x0000000008006b70       0x64 ./Drivers/STM32F7xx_HAL_Driver/Src/stm32f7xx_hal_cortex.o
                0x0000000008006b70                HAL_NVIC_SetPriority
 .text.HAL_NVIC_EnableIRQ
                0x0000000008006bd4       0x1c ./Drivers/STM32F7xx_HAL_Driver/Src/stm32f7xx_hal_cortex.o
                0x0000000008006bd4                HAL_NVIC_EnableIRQ
 .text.HAL_SYSTICK_Config
                0x0000000008006bf0       0x28 ./Drivers/STM32F7xx_HAL_Driver/Src/stm32f7xx_hal_cortex.o
                0x0000000008006bf0                HAL_SYSTICK_Config
 .text.HAL_DAC_Init
                0x0000000008006c18       0x26 ./Drivers/STM32F7xx_HAL_Driver/Src/stm32f7xx_hal_dac.o
                0x0000000008006c18                HAL_DAC_Init
 .text.HAL_DAC_Start
                0x0000000008006c3e       0x54 ./Drivers/STM32F7xx_HAL_Driver/Src/stm32f7xx_hal_dac.o
                0x0000000008006c3e                HAL_DAC_Start
 .text.HAL_DAC_SetValue
                0x0000000008006c92       0x24 ./Drivers/STM32F7xx_HAL_Driver/Src/stm32f7xx_hal_dac.o
                0x0000000008006c92                HAL_DAC_SetValue
 .text.HAL_DAC_ConfigChannel
                0x0000000008006cb6       0x46 ./Drivers/STM32F7xx_HAL_Driver/Src/stm32f7xx_hal_dac.o
                0x0000000008006cb6                HAL_DAC_ConfigChannel
 .text.DMA_CalcBaseAndBitshift
                0x0000000008006cfc       0x2c ./Drivers/STM32F7xx_HAL_Driver/Src/stm32f7xx_hal_dma.o
 .text.HAL_DMA_Init
                0x0000000008006d28      0x100 ./Drivers/STM32F7xx_HAL_Driver/Src/stm32f7xx_hal_dma.o
                0x0000000008006d28                HAL_DMA_Init
 .text.HAL_DMA_Start_IT
                0x0000000008006e28       0x7a ./Drivers/STM32F7xx_HAL_Driver/Src/stm32f7xx_hal_dma.o
                0x0000000008006e28                HAL_DMA_Start_IT
 .text.HAL_DMA_Abort
                0x0000000008006ea2       0x88 ./Drivers/STM32F7xx_HAL_Driver/Src/stm32f7xx_hal_dma.o
                0x0000000008006ea2                HAL_DMA_Abort
 .text.HAL_DMA_Abort_IT
                0x0000000008006f2a       0x24 ./Drivers/STM32F7xx_HAL_Driver/Src/stm32f7xx_hal_dma.o
                0x0000000008006f2a                HAL_DMA_Abort_IT
 *fill*         0x0000000008006f4e        0x2 
 .text.HAL_DMA_IRQHandler
                0x0000000008006f50      0x17c ./Drivers/STM32F7xx_HAL_Driver/Src/stm32f7xx_hal_dma.o
                0x0000000008006f50                HAL_DMA_IRQHandler
 .text.HAL_DMA_GetState
                0x00000000080070cc        0x6 ./Drivers/STM32F7xx_HAL_Driver/Src/stm32f7xx_hal_dma.o
                0x00000000080070cc                HAL_DMA_GetState
 .text.HAL_DMA_GetError
                0x00000000080070d2        0x4 ./Drivers/STM32F7xx_HAL_Driver/Src/stm32f7xx_hal_dma.o
                0x00000000080070d2                HAL_DMA_GetError
 *fill*         0x00000000080070d6        0x2 
 .text.HAL_GPIO_Init
                0x00000000080070d8      0x1b0 ./Drivers/STM32F7xx_HAL_Driver/Src/stm32f7xx_hal_gpio.o
                0x00000000080070d8                HAL_GPIO_Init
 .text.HAL_GPIO_ReadPin
                0x0000000008007288        0xc ./Drivers/STM32F7xx_HAL_Driver/Src/stm32f7xx_hal_gpio.o
                0x0000000008007288                HAL_GPIO_ReadPin
 .text.HAL_GPIO_WritePin
                0x0000000008007294        0xa ./Drivers/STM32F7xx_HAL_Driver/Src/stm32f7xx_hal_gpio.o
                0x0000000008007294                HAL_GPIO_WritePin
 .text.HAL_GPIO_TogglePin
                0x000000000800729e       0x12 ./Drivers/STM32F7xx_HAL_Driver/Src/stm32f7xx_hal_gpio.o
                0x000000000800729e                HAL_GPIO_TogglePin
 .text.HAL_GPIO_EXTI_IRQHandler
                0x00000000080072b0       0x18 ./Drivers/STM32F7xx_HAL_Driver/Src/stm32f7xx_hal_gpio.o
                0x00000000080072b0                HAL_GPIO_EXTI_IRQHandler
 .text.I2C_Flush_TXDR
                0x00000000080072c8       0x1c ./Drivers/STM32F7xx_HAL_Driver/Src/stm32f7xx_hal_i2c.o
 .text.I2C_TransferConfig
                0x00000000080072e4       0x28 ./Drivers/STM32F7xx_HAL_Driver/Src/stm32f7xx_hal_i2c.o
 .text.I2C_Enable_IRQ
                0x000000000800730c       0x68 ./Drivers/STM32F7xx_HAL_Driver/Src/stm32f7xx_hal_i2c.o
 .text.I2C_Disable_IRQ
                0x0000000008007374       0x42 ./Drivers/STM32F7xx_HAL_Driver/Src/stm32f7xx_hal_i2c.o
 .text.I2C_IsAcknowledgeFailed
                0x00000000080073b6       0x84 ./Drivers/STM32F7xx_HAL_Driver/Src/stm32f7xx_hal_i2c.o
 .text.I2C_WaitOnTXISFlagUntilTimeout
                0x000000000800743a       0x4e ./Drivers/STM32F7xx_HAL_Driver/Src/stm32f7xx_hal_i2c.o
 .text.I2C_WaitOnFlagUntilTimeout
                0x0000000008007488       0x54 ./Drivers/STM32F7xx_HAL_Driver/Src/stm32f7xx_hal_i2c.o
 .text.I2C_RequestMemoryWrite
                0x00000000080074dc       0x6c ./Drivers/STM32F7xx_HAL_Driver/Src/stm32f7xx_hal_i2c.o
 .text.I2C_RequestMemoryRead
                0x0000000008007548       0x6c ./Drivers/STM32F7xx_HAL_Driver/Src/stm32f7xx_hal_i2c.o
 .text.I2C_WaitOnSTOPFlagUntilTimeout
                0x00000000080075b4       0x4a ./Drivers/STM32F7xx_HAL_Driver/Src/stm32f7xx_hal_i2c.o
 .text.HAL_I2C_Init
                0x00000000080075fe       0xa2 ./Drivers/STM32F7xx_HAL_Driver/Src/stm32f7xx_hal_i2c.o
                0x00000000080075fe                HAL_I2C_Init
 .text.HAL_I2C_Master_Transmit
                0x00000000080076a0      0x12c ./Drivers/STM32F7xx_HAL_Driver/Src/stm32f7xx_hal_i2c.o
                0x00000000080076a0                HAL_I2C_Master_Transmit
 .text.HAL_I2C_Master_Transmit_IT
                0x00000000080077cc       0x88 ./Drivers/STM32F7xx_HAL_Driver/Src/stm32f7xx_hal_i2c.o
                0x00000000080077cc                HAL_I2C_Master_Transmit_IT
 .text.HAL_I2C_Master_Receive_IT
                0x0000000008007854       0x88 ./Drivers/STM32F7xx_HAL_Driver/Src/stm32f7xx_hal_i2c.o
                0x0000000008007854                HAL_I2C_Master_Receive_IT
 .text.HAL_I2C_Mem_Write_IT
                0x00000000080078dc       0xcc ./Drivers/STM32F7xx_HAL_Driver/Src/stm32f7xx_hal_i2c.o
                0x00000000080078dc                HAL_I2C_Mem_Write_IT
 .text.HAL_I2C_Mem_Read_IT
                0x00000000080079a8       0xd0 ./Drivers/STM32F7xx_HAL_Driver/Src/stm32f7xx_hal_i2c.o
                0x00000000080079a8                HAL_I2C_Mem_Read_IT
 .text.HAL_I2C_EV_IRQHandler
                0x0000000008007a78        0xe ./Drivers/STM32F7xx_HAL_Driver/Src/stm32f7xx_hal_i2c.o
                0x0000000008007a78                HAL_I2C_EV_IRQHandler
 .text.I2C_ITMasterSeqCplt
                0x0000000008007a86       0x44 ./Drivers/STM32F7xx_HAL_Driver/Src/stm32f7xx_hal_i2c.o
 .text.HAL_I2C_SlaveTxCpltCallback
                0x0000000008007aca        0x2 ./Drivers/STM32F7xx_HAL_Driver/Src/stm32f7xx_hal_i2c.o
                0x0000000008007aca                HAL_I2C_SlaveTxCpltCallback
 .text.HAL_I2C_SlaveRxCpltCallback
                0x0000000008007acc        0x2 ./Drivers/STM32F7xx_HAL_Driver/Src/stm32f7xx_hal_i2c.o
                0x0000000008007acc                HAL_I2C_SlaveRxCpltCallback
 .text.I2C_ITSlaveSeqCplt
                0x0000000008007ace       0x6c ./Drivers/STM32F7xx_HAL_Driver/Src/stm32f7xx_hal_i2c.o
 .text.HAL_I2C_AddrCallback
                0x0000000008007b3a        0x2 ./Drivers/STM32F7xx_HAL_Driver/Src/stm32f7xx_hal_i2c.o
                0x0000000008007b3a                HAL_I2C_AddrCallback
 .text.I2C_ITAddrCplt.constprop.0
                0x0000000008007b3c       0x88 ./Drivers/STM32F7xx_HAL_Driver/Src/stm32f7xx_hal_i2c.o
 .text.HAL_I2C_ListenCpltCallback
                0x0000000008007bc4        0x2 ./Drivers/STM32F7xx_HAL_Driver/Src/stm32f7xx_hal_i2c.o
                0x0000000008007bc4                HAL_I2C_ListenCpltCallback
 *fill*         0x0000000008007bc6        0x2 
 .text.I2C_ITListenCplt
                0x0000000008007bc8       0x60 ./Drivers/STM32F7xx_HAL_Driver/Src/stm32f7xx_hal_i2c.o
 .text.HAL_I2C_ErrorCallback
                0x0000000008007c28        0x2 ./Drivers/STM32F7xx_HAL_Driver/Src/stm32f7xx_hal_i2c.o
                0x0000000008007c28                HAL_I2C_ErrorCallback
 .text.HAL_I2C_AbortCpltCallback
                0x0000000008007c2a        0x2 ./Drivers/STM32F7xx_HAL_Driver/Src/stm32f7xx_hal_i2c.o
                0x0000000008007c2a                HAL_I2C_AbortCpltCallback
 .text.I2C_TreatErrorCallback
                0x0000000008007c2c       0x2c ./Drivers/STM32F7xx_HAL_Driver/Src/stm32f7xx_hal_i2c.o
 .text.I2C_ITError
                0x0000000008007c58       0xe4 ./Drivers/STM32F7xx_HAL_Driver/Src/stm32f7xx_hal_i2c.o
 .text.I2C_ITSlaveCplt
                0x0000000008007d3c      0x128 ./Drivers/STM32F7xx_HAL_Driver/Src/stm32f7xx_hal_i2c.o
 .text.I2C_Slave_ISR_IT
                0x0000000008007e64      0x112 ./Drivers/STM32F7xx_HAL_Driver/Src/stm32f7xx_hal_i2c.o
 .text.I2C_ITMasterCplt
                0x0000000008007f76       0xf0 ./Drivers/STM32F7xx_HAL_Driver/Src/stm32f7xx_hal_i2c.o
 .text.I2C_Master_ISR_IT
                0x0000000008008066      0x122 ./Drivers/STM32F7xx_HAL_Driver/Src/stm32f7xx_hal_i2c.o
 .text.I2C_Slave_ISR_DMA
                0x0000000008008188       0xf0 ./Drivers/STM32F7xx_HAL_Driver/Src/stm32f7xx_hal_i2c.o
 .text.I2C_Master_ISR_DMA
                0x0000000008008278      0x106 ./Drivers/STM32F7xx_HAL_Driver/Src/stm32f7xx_hal_i2c.o
 .text.I2C_DMAAbort
                0x000000000800837e       0x16 ./Drivers/STM32F7xx_HAL_Driver/Src/stm32f7xx_hal_i2c.o
 .text.HAL_I2C_GetState
                0x0000000008008394        0x6 ./Drivers/STM32F7xx_HAL_Driver/Src/stm32f7xx_hal_i2c.o
                0x0000000008008394                HAL_I2C_GetState
 .text.HAL_I2CEx_ConfigAnalogFilter
                0x000000000800839a       0x4c ./Drivers/STM32F7xx_HAL_Driver/Src/stm32f7xx_hal_i2c_ex.o
                0x000000000800839a                HAL_I2CEx_ConfigAnalogFilter
 .text.HAL_I2CEx_ConfigDigitalFilter
                0x00000000080083e6       0x4a ./Drivers/STM32F7xx_HAL_Driver/Src/stm32f7xx_hal_i2c_ex.o
                0x00000000080083e6                HAL_I2CEx_ConfigDigitalFilter
 .text.HAL_PCD_Init
                0x0000000008008430      0x112 ./Drivers/STM32F7xx_HAL_Driver/Src/stm32f7xx_hal_pcd.o
                0x0000000008008430                HAL_PCD_Init
 .text.HAL_PCD_Start
                0x0000000008008542       0x2a ./Drivers/STM32F7xx_HAL_Driver/Src/stm32f7xx_hal_pcd.o
                0x0000000008008542                HAL_PCD_Start
 .text.HAL_PCD_IRQHandler
                0x000000000800856c      0x59c ./Drivers/STM32F7xx_HAL_Driver/Src/stm32f7xx_hal_pcd.o
                0x000000000800856c                HAL_PCD_IRQHandler
 .text.HAL_PCD_SetAddress
                0x0000000008008b08       0x28 ./Drivers/STM32F7xx_HAL_Driver/Src/stm32f7xx_hal_pcd.o
                0x0000000008008b08                HAL_PCD_SetAddress
 .text.HAL_PCD_EP_Open
                0x0000000008008b30       0x70 ./Drivers/STM32F7xx_HAL_Driver/Src/stm32f7xx_hal_pcd.o
                0x0000000008008b30                HAL_PCD_EP_Open
 .text.HAL_PCD_EP_Close
                0x0000000008008ba0       0x5e ./Drivers/STM32F7xx_HAL_Driver/Src/stm32f7xx_hal_pcd.o
                0x0000000008008ba0                HAL_PCD_EP_Close
 .text.HAL_PCD_EP_Receive
                0x0000000008008bfe       0x48 ./Drivers/STM32F7xx_HAL_Driver/Src/stm32f7xx_hal_pcd.o
                0x0000000008008bfe                HAL_PCD_EP_Receive
 .text.HAL_PCD_EP_GetRxCount
                0x0000000008008c46       0x10 ./Drivers/STM32F7xx_HAL_Driver/Src/stm32f7xx_hal_pcd.o
                0x0000000008008c46                HAL_PCD_EP_GetRxCount
 .text.HAL_PCD_EP_Transmit
                0x0000000008008c56       0x40 ./Drivers/STM32F7xx_HAL_Driver/Src/stm32f7xx_hal_pcd.o
                0x0000000008008c56                HAL_PCD_EP_Transmit
 .text.HAL_PCD_EP_SetStall
                0x0000000008008c96       0x70 ./Drivers/STM32F7xx_HAL_Driver/Src/stm32f7xx_hal_pcd.o
                0x0000000008008c96                HAL_PCD_EP_SetStall
 .text.HAL_PCD_EP_ClrStall
                0x0000000008008d06       0x6c ./Drivers/STM32F7xx_HAL_Driver/Src/stm32f7xx_hal_pcd.o
                0x0000000008008d06                HAL_PCD_EP_ClrStall
 .text.HAL_PCD_EP_Flush
                0x0000000008008d72       0x32 ./Drivers/STM32F7xx_HAL_Driver/Src/stm32f7xx_hal_pcd.o
                0x0000000008008d72                HAL_PCD_EP_Flush
 .text.HAL_PCDEx_SetTxFiFo
                0x0000000008008da4       0x40 ./Drivers/STM32F7xx_HAL_Driver/Src/stm32f7xx_hal_pcd_ex.o
                0x0000000008008da4                HAL_PCDEx_SetTxFiFo
 .text.HAL_PCDEx_SetRxFiFo
                0x0000000008008de4        0x8 ./Drivers/STM32F7xx_HAL_Driver/Src/stm32f7xx_hal_pcd_ex.o
                0x0000000008008de4                HAL_PCDEx_SetRxFiFo
 .text.HAL_PCDEx_ActivateLPM
                0x0000000008008dec       0x26 ./Drivers/STM32F7xx_HAL_Driver/Src/stm32f7xx_hal_pcd_ex.o
                0x0000000008008dec                HAL_PCDEx_ActivateLPM
 *fill*         0x0000000008008e12        0x2 
 .text.HAL_PWR_EnableBkUpAccess
                0x0000000008008e14       0x10 ./Drivers/STM32F7xx_HAL_Driver/Src/stm32f7xx_hal_pwr.o
                0x0000000008008e14                HAL_PWR_EnableBkUpAccess
 .text.HAL_PWREx_EnableOverDrive
                0x0000000008008e24       0x70 ./Drivers/STM32F7xx_HAL_Driver/Src/stm32f7xx_hal_pwr_ex.o
                0x0000000008008e24                HAL_PWREx_EnableOverDrive
 .text.HAL_RCC_OscConfig
                0x0000000008008e94      0x37c ./Drivers/STM32F7xx_HAL_Driver/Src/stm32f7xx_hal_rcc.o
                0x0000000008008e94                HAL_RCC_OscConfig
 .text.HAL_RCC_GetSysClockFreq
                0x0000000008009210       0x5c ./Drivers/STM32F7xx_HAL_Driver/Src/stm32f7xx_hal_rcc.o
                0x0000000008009210                HAL_RCC_GetSysClockFreq
 .text.HAL_RCC_ClockConfig
                0x000000000800926c      0x140 ./Drivers/STM32F7xx_HAL_Driver/Src/stm32f7xx_hal_rcc.o
                0x000000000800926c                HAL_RCC_ClockConfig
 .text.HAL_RCC_GetHCLKFreq
                0x00000000080093ac        0xc ./Drivers/STM32F7xx_HAL_Driver/Src/stm32f7xx_hal_rcc.o
                0x00000000080093ac                HAL_RCC_GetHCLKFreq
 .text.HAL_RCC_GetPCLK1Freq
                0x00000000080093b8       0x20 ./Drivers/STM32F7xx_HAL_Driver/Src/stm32f7xx_hal_rcc.o
                0x00000000080093b8                HAL_RCC_GetPCLK1Freq
 .text.HAL_RCC_GetPCLK2Freq
                0x00000000080093d8       0x20 ./Drivers/STM32F7xx_HAL_Driver/Src/stm32f7xx_hal_rcc.o
                0x00000000080093d8                HAL_RCC_GetPCLK2Freq
 .text.HAL_RCCEx_PeriphCLKConfig
                0x00000000080093f8      0x45c ./Drivers/STM32F7xx_HAL_Driver/Src/stm32f7xx_hal_rcc_ex.o
                0x00000000080093f8                HAL_RCCEx_PeriphCLKConfig
 .text.HAL_RTC_WaitForSynchro
                0x0000000008009854       0x30 ./Drivers/STM32F7xx_HAL_Driver/Src/stm32f7xx_hal_rtc.o
                0x0000000008009854                HAL_RTC_WaitForSynchro
 .text.RTC_EnterInitMode
                0x0000000008009884       0x34 ./Drivers/STM32F7xx_HAL_Driver/Src/stm32f7xx_hal_rtc.o
                0x0000000008009884                RTC_EnterInitMode
 .text.HAL_RTC_Init
                0x00000000080098b8       0x9c ./Drivers/STM32F7xx_HAL_Driver/Src/stm32f7xx_hal_rtc.o
                0x00000000080098b8                HAL_RTC_Init
 .text.RTC_ByteToBcd2
                0x0000000008009954       0x16 ./Drivers/STM32F7xx_HAL_Driver/Src/stm32f7xx_hal_rtc.o
                0x0000000008009954                RTC_ByteToBcd2
 .text.HAL_RTC_SetTime
                0x000000000800996a       0xe0 ./Drivers/STM32F7xx_HAL_Driver/Src/stm32f7xx_hal_rtc.o
                0x000000000800996a                HAL_RTC_SetTime
 .text.HAL_RTC_SetDate
                0x0000000008009a4a       0xbe ./Drivers/STM32F7xx_HAL_Driver/Src/stm32f7xx_hal_rtc.o
                0x0000000008009a4a                HAL_RTC_SetDate
 .text.RTC_Bcd2ToByte
                0x0000000008009b08       0x12 ./Drivers/STM32F7xx_HAL_Driver/Src/stm32f7xx_hal_rtc.o
                0x0000000008009b08                RTC_Bcd2ToByte
 .text.HAL_RTC_GetTime
                0x0000000008009b1a       0x4a ./Drivers/STM32F7xx_HAL_Driver/Src/stm32f7xx_hal_rtc.o
                0x0000000008009b1a                HAL_RTC_GetTime
 .text.HAL_RTC_GetDate
                0x0000000008009b64       0x3a ./Drivers/STM32F7xx_HAL_Driver/Src/stm32f7xx_hal_rtc.o
                0x0000000008009b64                HAL_RTC_GetDate
 .text.HAL_RTCEx_BKUPWrite
                0x0000000008009b9e        0xa ./Drivers/STM32F7xx_HAL_Driver/Src/stm32f7xx_hal_rtc_ex.o
                0x0000000008009b9e                HAL_RTCEx_BKUPWrite
 .text.HAL_RTCEx_BKUPRead
                0x0000000008009ba8        0xa ./Drivers/STM32F7xx_HAL_Driver/Src/stm32f7xx_hal_rtc_ex.o
                0x0000000008009ba8                HAL_RTCEx_BKUPRead
 .text.SD_DMATransmitCplt
                0x0000000008009bb2        0xe ./Drivers/STM32F7xx_HAL_Driver/Src/stm32f7xx_hal_sd.o
 .text.SD_FindSCR
                0x0000000008009bc0       0xcc ./Drivers/STM32F7xx_HAL_Driver/Src/stm32f7xx_hal_sd.o
 .text.HAL_SD_ReadBlocks_DMA
                0x0000000008009c8c      0x120 ./Drivers/STM32F7xx_HAL_Driver/Src/stm32f7xx_hal_sd.o
                0x0000000008009c8c                HAL_SD_ReadBlocks_DMA
 .text.HAL_SD_WriteBlocks_DMA
                0x0000000008009dac      0x118 ./Drivers/STM32F7xx_HAL_Driver/Src/stm32f7xx_hal_sd.o
                0x0000000008009dac                HAL_SD_WriteBlocks_DMA
 .text.HAL_SD_ErrorCallback
                0x0000000008009ec4        0x2 ./Drivers/STM32F7xx_HAL_Driver/Src/stm32f7xx_hal_sd.o
                0x0000000008009ec4                HAL_SD_ErrorCallback
 .text.SD_DMAReceiveCplt
                0x0000000008009ec6       0x40 ./Drivers/STM32F7xx_HAL_Driver/Src/stm32f7xx_hal_sd.o
 *fill*         0x0000000008009f06        0x2 
 .text.HAL_SD_GetCardCSD
                0x0000000008009f08      0x16c ./Drivers/STM32F7xx_HAL_Driver/Src/stm32f7xx_hal_sd.o
                0x0000000008009f08                HAL_SD_GetCardCSD
 .text.HAL_SD_InitCard
                0x000000000800a074      0x200 ./Drivers/STM32F7xx_HAL_Driver/Src/stm32f7xx_hal_sd.o
                0x000000000800a074                HAL_SD_InitCard
 .text.HAL_SD_Init
                0x000000000800a274       0x36 ./Drivers/STM32F7xx_HAL_Driver/Src/stm32f7xx_hal_sd.o
                0x000000000800a274                HAL_SD_Init
 .text.HAL_SD_GetCardInfo
                0x000000000800a2aa       0x24 ./Drivers/STM32F7xx_HAL_Driver/Src/stm32f7xx_hal_sd.o
                0x000000000800a2aa                HAL_SD_GetCardInfo
 *fill*         0x000000000800a2ce        0x2 
 .text.HAL_SD_ConfigWideBusOperation
                0x000000000800a2d0      0x114 ./Drivers/STM32F7xx_HAL_Driver/Src/stm32f7xx_hal_sd.o
                0x000000000800a2d0                HAL_SD_ConfigWideBusOperation
 .text.HAL_SD_GetCardState
                0x000000000800a3e4       0x28 ./Drivers/STM32F7xx_HAL_Driver/Src/stm32f7xx_hal_sd.o
                0x000000000800a3e4                HAL_SD_GetCardState
 .text.SD_DMAError
                0x000000000800a40c       0x60 ./Drivers/STM32F7xx_HAL_Driver/Src/stm32f7xx_hal_sd.o
 .text.SD_DMATxAbort
                0x000000000800a46c       0x40 ./Drivers/STM32F7xx_HAL_Driver/Src/stm32f7xx_hal_sd.o
 .text.HAL_SD_IRQHandler
                0x000000000800a4ac      0x200 ./Drivers/STM32F7xx_HAL_Driver/Src/stm32f7xx_hal_sd.o
                0x000000000800a4ac                HAL_SD_IRQHandler
 .text.SD_DMARxAbort
                0x000000000800a6ac        0x4 ./Drivers/STM32F7xx_HAL_Driver/Src/stm32f7xx_hal_sd.o
 .text.HAL_SPI_Init
                0x000000000800a6b0       0xdc ./Drivers/STM32F7xx_HAL_Driver/Src/stm32f7xx_hal_spi.o
                0x000000000800a6b0                HAL_SPI_Init
 .text.TIM_OC1_SetConfig
                0x000000000800a78c       0x68 ./Drivers/STM32F7xx_HAL_Driver/Src/stm32f7xx_hal_tim.o
 .text.TIM_OC3_SetConfig
                0x000000000800a7f4       0x70 ./Drivers/STM32F7xx_HAL_Driver/Src/stm32f7xx_hal_tim.o
 .text.TIM_OC4_SetConfig
                0x000000000800a864       0x50 ./Drivers/STM32F7xx_HAL_Driver/Src/stm32f7xx_hal_tim.o
 .text.TIM_OC5_SetConfig
                0x000000000800a8b4       0x50 ./Drivers/STM32F7xx_HAL_Driver/Src/stm32f7xx_hal_tim.o
 .text.TIM_OC6_SetConfig
                0x000000000800a904       0x50 ./Drivers/STM32F7xx_HAL_Driver/Src/stm32f7xx_hal_tim.o
 .text.HAL_TIM_Base_Start
                0x000000000800a954       0x74 ./Drivers/STM32F7xx_HAL_Driver/Src/stm32f7xx_hal_tim.o
                0x000000000800a954                HAL_TIM_Base_Start
 .text.HAL_TIM_Base_Start_IT
                0x000000000800a9c8       0x7c ./Drivers/STM32F7xx_HAL_Driver/Src/stm32f7xx_hal_tim.o
                0x000000000800a9c8                HAL_TIM_Base_Start_IT
 .text.HAL_TIM_PWM_MspInit
                0x000000000800aa44        0x2 ./Drivers/STM32F7xx_HAL_Driver/Src/stm32f7xx_hal_tim.o
                0x000000000800aa44                HAL_TIM_PWM_MspInit
 .text.HAL_TIM_OC_DelayElapsedCallback
                0x000000000800aa46        0x2 ./Drivers/STM32F7xx_HAL_Driver/Src/stm32f7xx_hal_tim.o
                0x000000000800aa46                HAL_TIM_OC_DelayElapsedCallback
 .text.HAL_TIM_IC_CaptureCallback
                0x000000000800aa48        0x2 ./Drivers/STM32F7xx_HAL_Driver/Src/stm32f7xx_hal_tim.o
                0x000000000800aa48                HAL_TIM_IC_CaptureCallback
 .text.HAL_TIM_PWM_PulseFinishedCallback
                0x000000000800aa4a        0x2 ./Drivers/STM32F7xx_HAL_Driver/Src/stm32f7xx_hal_tim.o
                0x000000000800aa4a                HAL_TIM_PWM_PulseFinishedCallback
 .text.HAL_TIM_TriggerCallback
                0x000000000800aa4c        0x2 ./Drivers/STM32F7xx_HAL_Driver/Src/stm32f7xx_hal_tim.o
                0x000000000800aa4c                HAL_TIM_TriggerCallback
 .text.HAL_TIM_IRQHandler
                0x000000000800aa4e      0x160 ./Drivers/STM32F7xx_HAL_Driver/Src/stm32f7xx_hal_tim.o
                0x000000000800aa4e                HAL_TIM_IRQHandler
 *fill*         0x000000000800abae        0x2 
 .text.TIM_Base_SetConfig
                0x000000000800abb0       0xcc ./Drivers/STM32F7xx_HAL_Driver/Src/stm32f7xx_hal_tim.o
                0x000000000800abb0                TIM_Base_SetConfig
 .text.HAL_TIM_Base_Init
                0x000000000800ac7c       0x60 ./Drivers/STM32F7xx_HAL_Driver/Src/stm32f7xx_hal_tim.o
                0x000000000800ac7c                HAL_TIM_Base_Init
 .text.HAL_TIM_PWM_Init
                0x000000000800acdc       0x60 ./Drivers/STM32F7xx_HAL_Driver/Src/stm32f7xx_hal_tim.o
                0x000000000800acdc                HAL_TIM_PWM_Init
 .text.TIM_OC2_SetConfig
                0x000000000800ad3c       0x70 ./Drivers/STM32F7xx_HAL_Driver/Src/stm32f7xx_hal_tim.o
                0x000000000800ad3c                TIM_OC2_SetConfig
 .text.HAL_TIM_PWM_ConfigChannel
                0x000000000800adac      0x102 ./Drivers/STM32F7xx_HAL_Driver/Src/stm32f7xx_hal_tim.o
                0x000000000800adac                HAL_TIM_PWM_ConfigChannel
 .text.TIM_ETR_SetConfig
                0x000000000800aeae       0x14 ./Drivers/STM32F7xx_HAL_Driver/Src/stm32f7xx_hal_tim.o
                0x000000000800aeae                TIM_ETR_SetConfig
 *fill*         0x000000000800aec2        0x2 
 .text.HAL_TIM_ConfigClockSource
                0x000000000800aec4      0x128 ./Drivers/STM32F7xx_HAL_Driver/Src/stm32f7xx_hal_tim.o
                0x000000000800aec4                HAL_TIM_ConfigClockSource
 .text.TIM_CCxChannelCmd
                0x000000000800afec       0x1c ./Drivers/STM32F7xx_HAL_Driver/Src/stm32f7xx_hal_tim.o
                0x000000000800afec                TIM_CCxChannelCmd
 .text.HAL_TIM_OC_Start
                0x000000000800b008      0x10c ./Drivers/STM32F7xx_HAL_Driver/Src/stm32f7xx_hal_tim.o
                0x000000000800b008                HAL_TIM_OC_Start
 .text.HAL_TIM_PWM_Start
                0x000000000800b114        0x4 ./Drivers/STM32F7xx_HAL_Driver/Src/stm32f7xx_hal_tim.o
                0x000000000800b114                HAL_TIM_PWM_Start
 .text.HAL_TIMEx_MasterConfigSynchronization
                0x000000000800b118       0x94 ./Drivers/STM32F7xx_HAL_Driver/Src/stm32f7xx_hal_tim_ex.o
                0x000000000800b118                HAL_TIMEx_MasterConfigSynchronization
 .text.HAL_TIMEx_CommutCallback
                0x000000000800b1ac        0x2 ./Drivers/STM32F7xx_HAL_Driver/Src/stm32f7xx_hal_tim_ex.o
                0x000000000800b1ac                HAL_TIMEx_CommutCallback
 .text.HAL_TIMEx_BreakCallback
                0x000000000800b1ae        0x2 ./Drivers/STM32F7xx_HAL_Driver/Src/stm32f7xx_hal_tim_ex.o
                0x000000000800b1ae                HAL_TIMEx_BreakCallback
 .text.HAL_TIMEx_Break2Callback
                0x000000000800b1b0        0x2 ./Drivers/STM32F7xx_HAL_Driver/Src/stm32f7xx_hal_tim_ex.o
                0x000000000800b1b0                HAL_TIMEx_Break2Callback
 .text.UART_EndRxTransfer
                0x000000000800b1b2       0x2c ./Drivers/STM32F7xx_HAL_Driver/Src/stm32f7xx_hal_uart.o
 .text.UART_TxISR_8BIT
                0x000000000800b1de       0x3a ./Drivers/STM32F7xx_HAL_Driver/Src/stm32f7xx_hal_uart.o
 .text.UART_TxISR_16BIT
                0x000000000800b218       0x3e ./Drivers/STM32F7xx_HAL_Driver/Src/stm32f7xx_hal_uart.o
 *fill*         0x000000000800b256        0x2 
 .text.HAL_UART_Transmit_IT
                0x000000000800b258       0x64 ./Drivers/STM32F7xx_HAL_Driver/Src/stm32f7xx_hal_uart.o
                0x000000000800b258                HAL_UART_Transmit_IT
 .text.HAL_UART_RxCpltCallback
                0x000000000800b2bc        0x2 ./Drivers/STM32F7xx_HAL_Driver/Src/stm32f7xx_hal_uart.o
                0x000000000800b2bc                HAL_UART_RxCpltCallback
 .text.HAL_UART_ErrorCallback
                0x000000000800b2be        0x2 ./Drivers/STM32F7xx_HAL_Driver/Src/stm32f7xx_hal_uart.o
                0x000000000800b2be                HAL_UART_ErrorCallback
 .text.UART_DMAAbortOnError
                0x000000000800b2c0       0x14 ./Drivers/STM32F7xx_HAL_Driver/Src/stm32f7xx_hal_uart.o
 .text.HAL_UART_AbortReceiveCpltCallback
                0x000000000800b2d4        0x2 ./Drivers/STM32F7xx_HAL_Driver/Src/stm32f7xx_hal_uart.o
                0x000000000800b2d4                HAL_UART_AbortReceiveCpltCallback
 *fill*         0x000000000800b2d6        0x2 
 .text.HAL_UART_AbortReceive_IT
                0x000000000800b2d8       0x84 ./Drivers/STM32F7xx_HAL_Driver/Src/stm32f7xx_hal_uart.o
                0x000000000800b2d8                HAL_UART_AbortReceive_IT
 .text.UART_DMARxOnlyAbortCallback
                0x000000000800b35c       0x24 ./Drivers/STM32F7xx_HAL_Driver/Src/stm32f7xx_hal_uart.o
 .text.HAL_UARTEx_RxEventCallback
                0x000000000800b380        0x2 ./Drivers/STM32F7xx_HAL_Driver/Src/stm32f7xx_hal_uart.o
                0x000000000800b380                HAL_UARTEx_RxEventCallback
 *fill*         0x000000000800b382        0x2 
 .text.HAL_UART_IRQHandler
                0x000000000800b384      0x208 ./Drivers/STM32F7xx_HAL_Driver/Src/stm32f7xx_hal_uart.o
                0x000000000800b384                HAL_UART_IRQHandler
 .text.UART_RxISR_8BIT
                0x000000000800b58c       0x76 ./Drivers/STM32F7xx_HAL_Driver/Src/stm32f7xx_hal_uart.o
 .text.UART_RxISR_16BIT
                0x000000000800b602       0x72 ./Drivers/STM32F7xx_HAL_Driver/Src/stm32f7xx_hal_uart.o
 .text.UART_SetConfig