uart_command.c:28:6:GetNoAsyncPrintsFlag	4	static
uart_command.c:33:6:IsStopDebugPring	4	static
uart_command.c:41:6:PrintManagerInit	4	static
uart_command.c:49:5:PrintManager	56	static
uart_command.c:98:6:SetPrintTimePeriods	16	static
uart_command.c:150:5:SetPMprints	24	static
uart_command.c:185:5:SetAllLedBlink	16	static
uart_command.c:192:5:SetAllLedOn	16	static
uart_command.c:199:5:SetAllLedOff	16	static
uart_command.c:206:5:InitLog	16	static
uart_command.c:215:5:GetMfgDate	16	static
uart_command.c:222:5:SetMfgDate	16	static
uart_command.c:238:5:GetSerialNum	16	static
uart_command.c:245:5:SetSerialNum	24	static
uart_command.c:256:5:SetMediumAlarm	24	static
uart_command.c:263:5:SetHightAlarm	24	static
uart_command.c:270:5:SetAlarmOff	24	static
uart_command.c:277:5:SetDacOutput	24	static
uart_command.c:294:5:GetDacOutput	16	static
uart_command.c:301:5:SetRTCTime	24	static
uart_command.c:310:5:SetRTCDate	24	static
uart_command.c:320:5:DisplayTime	24	static
uart_command.c:335:5:GetAdc1Values	24	static
uart_command.c:350:5:GetAdc3Values	24	static
uart_command.c:365:5:GetAdc1OneTime	16	static
uart_command.c:372:5:GetAdc3OneTime	16	static
uart_command.c:379:5:ValveControl	24	static
uart_command.c:415:5:SetFanOnOff	24	static
uart_command.c:424:5:StopDebugPrinting	24	static
uart_command.c:433:5:BatLedControl	24	static
uart_command.c:464:5:LedAlarmControl	24	static
uart_command.c:495:5:CompressorControl	24	static
uart_command.c:510:5:MembranePSControl	24	static
uart_command.c:526:5:DisplayPSControl	24	static
uart_command.c:543:5:SyncOutControl	24	static
uart_command.c:559:5:pcbpowerrelayControl	24	static
uart_command.c:576:5:chassisfanControl	24	static
uart_command.c:593:5:pfControl	24	static
uart_command.c:610:5:wdiControl	24	static
uart_command.c:626:5:pfcRlyControl	24	static
uart_command.c:643:5:BlowerSpeedCtrl	24	static
uart_command.c:659:5:BlowerCtrl	24	static
uart_command.c:676:5:Bloweroff	16	static
uart_command.c:682:5:CprtseqON	16	static
uart_command.c:688:5:CprtseqOFF	16	static
uart_command.c:695:6:RegisterAllCommands	8	static
