Adc.c:35:6:Adc1Init	8	static
Adc.c:41:6:StartAdc1Dma	8	static
Adc.c:49:6:SetAdc1CompleteFlag	16	static
Adc.c:54:6:GetAdc1CompleteFlag	4	static
Adc.c:61:10:GetPressureSensor3RawAdc	4	static
Adc.c:66:10:GetPressureSensor1RawAdc	4	static
Adc.c:71:10:GetPressureSensor2RawAdc	4	static
Adc.c:76:10:GetPressureSensor4RawAdc	4	static
Adc.c:81:10:Get12VRawAdc	4	static
Adc.c:86:10:Get5VRefRawAdc	4	static
Adc.c:92:10:GetCabTempRawAdc	4	static
Adc.c:100:7:GetPressureSensor3Value	4	static
Adc.c:105:7:GetPressureSensor1Value	4	static
Adc.c:110:7:GetPressureSensor2Value	4	static
Adc.c:115:7:GetPressureSensor4Value	4	static
Adc.c:125:7:GetCalcMmhgSensorPressure2	8	static
Adc.c:130:7:GetCalcMmhgSensorPressure3	8	static
Adc.c:135:7:GetCalcMmhgSensorPressure4	8	static
Adc.c:140:7:GetCalcMmhgSensorPressure1	16	static
Adc.c:148:7:Get12vValue	4	static
Adc.c:153:7:Get5VRefValue	4	static
Adc.c:158:7:GetCabTempValue	4	static
Adc.c:166:6:Adc3Init	8	static
Adc.c:172:6:StartAdc3Dma	8	static
Adc.c:180:6:SetAdc3CompleteFlag	16	static
Adc.c:185:6:GetAdc3CompleteFlag	4	static
Adc.c:192:10:GetMainPcbaCurrentRawAdc	4	static
Adc.c:197:10:GetPower24VoltageRawAdc	4	static
Adc.c:202:10:Get3V3RawAdc	4	static
Adc.c:207:10:Get5VoltRawAdc	4	static
Adc.c:212:10:GetPfcCurrentMonRawAdc	4	static
Adc.c:217:10:GetBuzzerRawAdc	4	static
Adc.c:222:10:GetPfcVOutRawAdc	4	static
Adc.c:227:10:GetPfcTempMonRawAdc	4	static
Adc.c:234:7:GetMainPcbaCurrentValue	4	static
Adc.c:239:7:GetPower24VoltageValue	4	static
Adc.c:244:7:Get3V3Value	4	static
Adc.c:249:7:Get5VoltValue	4	static
Adc.c:254:7:GetPfcCurrentMonValue	4	static
Adc.c:259:7:GetBuzzerValue	4	static
Adc.c:264:7:GetPfcVOutValue	4	static
Adc.c:269:7:GetPfcTempMonValue	4	static
Adc.c:274:6:ReadAdc1Channels	16	static
Adc.c:296:6:PrintAdc1Channels	136	static
Adc.c:347:6:PrintAdc1ChannelsSpecifiedNumberOfTimes	152	static
Adc.c:397:6:ReadAdc3Channels	16	static
Adc.c:419:6:PrintAdc3Channels	160	static
Adc.c:468:6:PrintAdc3ChannelsSpecifiedNumberOfTimes	168	static
